Using prover: /usr/bin/cvc5
libbpf: loading object from ./examples/unreachable_arsh.bpf.o
libbpf: elf: section(3) tracepoint/syscalls/sys_enter_execve, size 72, link 0, flags 6, type=1
libbpf: sec 'tracepoint/syscalls/sys_enter_execve': found program 'unreachable_arsh' at insn offset 0 (0 bytes), code size 9 insns (72 bytes)
libbpf: elf: section(4) license, size 4, link 0, flags 3, type=1
libbpf: license of ./examples/unreachable_arsh.bpf.o is GPL
libbpf: elf: section(13) .BTF, size 726, link 0, flags 0, type=1
libbpf: elf: section(15) .BTF.ext, size 96, link 0, flags 0, type=1
libbpf: elf: section(23) .symtab, size 288, link 1, flags 0, type=2
libbpf: looking for externs among 12 symbols...
libbpf: collected 0 externs total
libbpf: object 'unreachable_ars': failed (-95) to create BPF token from '/sys/fs/bpf', skipping optional step...
Proving the path condition...
(set-logic QF_BV)
(declare-fun v0 () (_ BitVec 64))
(assert (let ((t20 (bvand (bvashr ((_ extract 31 0) v0) (_ bv31 32)) (_ bv4294967162 32)))) (and (bvsle t20 (_ bv4294967295 32)) (= t20 (_ bv4294967160 32)))))
(check-sat)
(exit)
unsat
(
; WARNING: add trust rewrite step for bv-bitwise-slicing
; WARNING: add trust rewrite step for bv-repeat-elim
; Proof produced: 715 steps, 17244 bytes
)
libbpf: prog 'unreachable_arsh': -- BEGIN PROG LOAD LOG --
func#0 @0
Live regs before insn:
      0: .......... (85) call bpf_get_prandom_u32#7
      1: 0.2....... (bc) w1 = w0
      2: .12....... (c4) w1 s>>= 31
      3: .12....... (54) w1 &= -134
      4: .12....... (66) if w1 s> 0xffffffff goto pc+2
      5: .12....... (56) if w1 != 0xffffff78 goto pc+1
      6: ..2....... (bf) r1 = r2
      7: .......... (b7) r0 = 0
      8: 0......... (95) exit
0: R1=ctx() R10=fp0
; asm volatile("call 0x7\n\t" @ unreachable_arsh.bpf.c:21
0: (85) call bpf_get_prandom_u32#7    ; R0=scalar()
1: (bc) w1 = w0                       ; R0=scalar() R1=scalar(smin=0,smax=umax=0xffffffff,var_off=(0x0; 0xffffffff))
2: (c4) w1 s>>= 31                    ; R1=scalar(smin=0,smax=umax=0xffffffff,smin32=-1,smax32=0,var_off=(0x0; 0xffffffff))
3: (54) w1 &= -134                    ; R1=scalar(smin=0,smax=umax=umax32=0xffffff7a,smax32=0x7fffff7a,var_off=(0x0; 0xffffff7a))
4: (66) if w1 s> 0xffffffff goto pc+2         ; R1=scalar(smin=umin=umin32=0x80000000,smax=umax=umax32=0xffffff7a,smax32=-134,var_off=(0x80000000; 0x7fffff7a))
5: (56) if w1 != 0xffffff78 goto pc+1         ; R1=0xffffff78
6: (bf) r1 = r2
R2 !read_ok
checking 715 proof steps
; WARNING: applying trusted step POLY_NORM
(#0 POLY_NORM () ((bool_eq(2) @t53 @t45)) (bool_eq(2) (bv_mul(2) @t51 @t48) (bv_mul(2) @t43 @t40)))
(#1 POLY_NORM_EQ (@p0) () (bool_eq(2) (bool_eq(2) @t5 @t38) (bool_eq(2) @t38 @t5)))
(#2 REFL () ((_ bv4294967160 32)) (bool_eq(2) (_ bv4294967160 32) (_ bv4294967160 32)))
(#3 ACI_NORM () ((bool_eq(2) @t89 @t5)) (bool_eq(2) (bv_concat(6) @t64 @t0 @t59 @t0 ...) (bv_concat(32) @t3 @t3 @t3 @t3 ...)))
(#4 ABSORB () ((bool_eq(2) @t99 @t0)) (bool_eq(2) (bv_and(2) @t3 @t0) (_ bv0 1)))
(#5 EVALUATE () (((_ extract 0 0) @t105)) (bool_eq(2) ((_ extract 0 0) @t105) (_ bv0 1)))
(#6 REFL () (((_ extract 31 31) @t2)) (bool_eq(2) ((_ extract 31 31) @t2) ((_ extract 31 31) @t2)))
(#7 REFL () (((_ extract 0 0) @t109)) (bool_eq(2) ((_ extract 0 0) @t109) ((_ extract 0 0) @t109)))
(#8 CONG (@p6) (@t312) (bool_eq(2) ((_ extract 0 0) @t3) ((_ extract 0 0) @t3)))
(#9 TRANS (@p8 @p7) () (bool_eq(2) ((_ extract 0 0) @t3) ((_ extract 0 0) @t3)))
(#10 CONG (@p9 @p6) (@t529) (bool_eq(2) (bool_eq(2) @t1557 @t3) (bool_eq(2) @t111 @t3)))
(#11 SYMM (@p10) () (bool_eq(2) (bool_eq(2) @t111 @t3) (bool_eq(2) @t1557 @t3)))
(#12 EVALUATE () ((bool_sge(2) @t120 @t117)) (bool_eq(2) (bool_sge(2) @t120 @t117) true))
(#13 REWRITE (@p12) ((bv_mul(2) @t51 @t48), @t109, @t120) (bool_eq(2) ((_ extract 0 0) @t109) ((_ extract 31 31) @t2)))
(#14 EQ_RESOLVE (@p13 @p11) () (bool_eq(2) ((_ extract 0 0) @t3) ((_ extract 31 31) @t2)))
(#15 REFL () (((_ extract 0 0) @t125)) (bool_eq(2) ((_ extract 0 0) @t125) ((_ extract 0 0) @t125)))
(#16 CONG (@p6 @p6 @p6 ...) (@t2105496) (bool_eq(2) (bv_concat(32) @t3 @t3 @t3 @t3 ...) (bv_concat(32) @t3 @t3 @t3 @t3 ...)))
(#17 CONG (@p16) (@t312) (bool_eq(2) ((_ extract 0 0) @t1574) ((_ extract 0 0) @t1575)))
(#18 TRANS (@p17 @p15) () (bool_eq(2) ((_ extract 0 0) @t1574) ((_ extract 0 0) @t125)))
(#19 CONG (@p18 @p9) (@t529) (bool_eq(2) (bool_eq(2) @t1577 @t1557) (bool_eq(2) @t158 @t111)))
(#20 SYMM (@p19) () (bool_eq(2) (bool_eq(2) @t158 @t111) (bool_eq(2) @t1577 @t1557)))
(#21 EVALUATE () ((bool_sle(2) @t120 @t115)) (bool_eq(2) (bool_sle(2) @t120 @t115) true))
(#22 REWRITE (@p21) (@t54, @t109, @t163...) (bool_eq(2) ((_ extract 0 0) @t1589) ((_ extract 0 0) @t109)))
(#23 EQ_RESOLVE (@p22 @p20) () (bool_eq(2) ((_ extract 0 0) @t1574) ((_ extract 0 0) @t3)))
(#24 TRANS (@p23 @p14) () (bool_eq(2) ((_ extract 0 0) @t1574) ((_ extract 31 31) @t2)))
(#25 CONG (@p24 @p5) (@t66128) (bool_eq(2) (bv_and(2) @t1577 @t107) (bv_and(2) @t3 @t1553)))
(#26 TRANS (@p25 @p4) () (bool_eq(2) (bv_and(2) @t1577 @t107) (_ bv0 1)))
(#27 ACI_NORM () ((bool_eq(2) @t232 @t229)) (bool_eq(2) (bv_and(2) @t107 @t227) (bv_and(2) @t227 @t107)))
(#28 TRANS (@p27 @p26) () (bool_eq(2) (bv_and(2) @t107 @t227) (_ bv0 1)))
(#29 ACI_NORM () ((bool_eq(2) @t240 @t3)) (bool_eq(2) (bv_and(2) @t3 @t238) ((_ extract 31 31) @t2)))
(#30 EVALUATE () (((_ extract 1 1) @t105)) (bool_eq(2) ((_ extract 1 1) @t105) (_ bv1 1)))
(#31 REFL () (((_ extract 1 1) @t125)) (bool_eq(2) ((_ extract 1 1) @t125) ((_ extract 1 1) @t125)))
(#32 CONG (@p16) (@t16843064) (bool_eq(2) ((_ extract 1 1) @t1574) ((_ extract 1 1) @t1575)))
(#33 TRANS (@p32 @p31) () (bool_eq(2) ((_ extract 1 1) @t1574) ((_ extract 1 1) @t125)))
(#34 CONG (@p33 @p9) (@t529) (bool_eq(2) (bool_eq(2) @t1601 @t1557) (bool_eq(2) @t248 @t111)))
(#35 SYMM (@p34) () (bool_eq(2) (bool_eq(2) @t248 @t111) (bool_eq(2) @t1601 @t1557)))
(#36 REWRITE (@p21) (@t54, @t109, @t250...) (bool_eq(2) ((_ extract 0 0) @t1612) ((_ extract 0 0) @t109)))
(#37 EVALUATE () ((bv_sub(2) @t113 @t115)) (bool_eq(2) (bv_sub(2) @t113 @t115) (_ bv0 32)))
(#38 SYMM (@p37) () (bool_eq(2) (_ bv0 32) (bv_sub(2) @t113 @t115)))
(#39 EVALUATE () ((bool_sge(2) @t113 @t115)) (bool_eq(2) (bool_sge(2) @t113 @t115) true))
(#40 REWRITE (@p39 @p38 @p38) ((bool_eq(2) @t53 @t45), @t109, @t109...) (bool_eq(2) ((_ extract 1 1) @t1629) ((_ extract 0 0) @t1631)))
(#41 TRANS (@p40 @p36) () (bool_eq(2) ((_ extract 1 1) @t1629) ((_ extract 0 0) @t109)))
(#42 EQ_RESOLVE (@p41 @p35) () (bool_eq(2) ((_ extract 1 1) @t1574) ((_ extract 0 0) @t3)))
(#43 TRANS (@p42 @p14) () (bool_eq(2) ((_ extract 1 1) @t1574) ((_ extract 31 31) @t2)))
(#44 CONG (@p43 @p30) (@t66128) (bool_eq(2) (bv_and(2) @t1601 @t246) (bv_and(2) @t3 @t1598)))
(#45 TRANS (@p44 @p29) () (bool_eq(2) (bv_and(2) @t1601 @t246) ((_ extract 31 31) @t2)))
(#46 ACI_NORM () ((bool_eq(2) @t291 @t288)) (bool_eq(2) (bv_and(2) @t246 @t286) (bv_and(2) @t286 @t246)))
(#47 TRANS (@p46 @p45) () (bool_eq(2) (bv_and(2) @t246 @t286) ((_ extract 31 31) @t2)))
(#48 EVALUATE () (((_ extract 2 2) @t105)) (bool_eq(2) ((_ extract 2 2) @t105) (_ bv0 1)))
(#49 REFL () (((_ extract 2 2) @t125)) (bool_eq(2) ((_ extract 2 2) @t125) ((_ extract 2 2) @t125)))
(#50 CONG (@p16) (@t33685816) (bool_eq(2) ((_ extract 2 2) @t1574) ((_ extract 2 2) @t1575)))
(#51 TRANS (@p50 @p49) () (bool_eq(2) ((_ extract 2 2) @t1574) ((_ extract 2 2) @t125)))
(#52 CONG (@p51 @p9) (@t529) (bool_eq(2) (bool_eq(2) @t1643 @t1557) (bool_eq(2) @t299 @t111)))
(#53 SYMM (@p52) () (bool_eq(2) (bool_eq(2) @t299 @t111) (bool_eq(2) @t1643 @t1557)))
(#54 REWRITE (@p21) (@t54, @t109, @t301...) (bool_eq(2) ((_ extract 0 0) @t1654) ((_ extract 0 0) @t109)))
(#55 REWRITE (@p39 @p38 @p38) ((bool_eq(2) @t53 @t45), @t109, @t109...) (bool_eq(2) ((_ extract 1 1) @t1667) ((_ extract 0 0) @t1669)))
(#56 TRANS (@p55 @p54) () (bool_eq(2) ((_ extract 1 1) @t1667) ((_ extract 0 0) @t109)))
(#57 EVALUATE () ((bv_sub(2) @t330 @t115)) (bool_eq(2) (bv_sub(2) @t330 @t115) (_ bv1 32)))
(#58 SYMM (@p57) () (bool_eq(2) (_ bv1 32) (bv_sub(2) @t330 @t115)))
(#59 EVALUATE () ((bool_sge(2) @t330 @t115)) (bool_eq(2) (bool_sge(2) @t330 @t115) true))
(#60 REWRITE (@p59 @p58 @p58) ((bool_eq(2) @t53 @t45), @t109, @t109...) (bool_eq(2) ((_ extract 2 2) @t1686) ((_ extract 1 1) @t1688)))
(#61 TRANS (@p60 @p56) () (bool_eq(2) ((_ extract 2 2) @t1686) ((_ extract 0 0) @t109)))
(#62 EQ_RESOLVE (@p61 @p53) () (bool_eq(2) ((_ extract 2 2) @t1574) ((_ extract 0 0) @t3)))
(#63 TRANS (@p62 @p14) () (bool_eq(2) ((_ extract 2 2) @t1574) ((_ extract 31 31) @t2)))
(#64 CONG (@p63 @p48) (@t66128) (bool_eq(2) (bv_and(2) @t1643 @t297) (bv_and(2) @t3 @t1640)))
(#65 TRANS (@p64 @p4) () (bool_eq(2) (bv_and(2) @t1643 @t297) (_ bv0 1)))
(#66 ACI_NORM () ((bool_eq(2) @t343 @t340)) (bool_eq(2) (bv_and(2) @t297 @t338) (bv_and(2) @t338 @t297)))
(#67 TRANS (@p66 @p65) () (bool_eq(2) (bv_and(2) @t297 @t338) (_ bv0 1)))
(#68 ACI_NORM () ((bool_eq(2) @t351 @t59)) (bool_eq(2) (bv_and(2) @t59 @t349) (bv_concat(4) @t3 @t3 @t3 @t3)))
(#69 EVALUATE () (((_ extract 6 3) @t105)) (bool_eq(2) ((_ extract 6 3) @t105) (_ bv15 4)))
(#70 CONG (@p6 @p6 @p6 ...) (@t263320) (bool_eq(2) (bv_concat(4) @t3 @t3 @t3 @t3) (bv_concat(4) @t3 @t3 @t3 @t3)))
(#71 CONG (@p9 @p9 @p9 ...) (@t263320) (bool_eq(2) (bv_concat(4) @t1557 @t1557 @t1557 @t1557) (bv_concat(4) @t111 @t111 @t111 @t111)))
(#72 CONG (@p71 @p70) (@t529) (bool_eq(2) (bool_eq(2) @t1702 @t1699) (bool_eq(2) @t1703 @t1700)))
(#73 SYMM (@p72) () (bool_eq(2) (bool_eq(2) @t1703 @t1700) (bool_eq(2) @t1702 @t1699)))
(#74 CONG (@p13 @p13 @p13 ...) (@t263320) (bool_eq(2) (bv_concat(4) @t111 @t111 @t111 @t111) (bv_concat(4) @t3 @t3 @t3 @t3)))
(#75 EQ_RESOLVE (@p74 @p73) () (bool_eq(2) (bv_concat(4) @t1557 @t1557 @t1557 @t1557) (bv_concat(4) @t3 @t3 @t3 @t3)))
(#76 ACI_NORM () ((bool_eq(2) @t372 @t361)) (bool_eq(2) (bv_concat(2) @t369 @t359) (bv_concat(4) @t359 @t359 @t359 @t359)))
(#77 REFL () (((_ extract 0 0) @t3)) (bool_eq(2) ((_ extract 0 0) @t3) ((_ extract 0 0) @t3)))
(#78 REFL () (((_ extract 0 0) @t450)) (bool_eq(2) ((_ extract 0 0) @t450) ((_ extract 0 0) @t450)))
(#79 CONG (@p6 @p6) (@t131736) (bool_eq(2) (bv_concat(2) @t3 @t3) (bv_concat(2) @t3 @t3)))
(#80 CONG (@p79 @p6) (@t197272) (bool_eq(2) (bv_concat(2) @t1714 @t3) (bv_concat(2) @t1715 @t3)))
(#81 CONG (@p80 @p6) (@t262808) (bool_eq(2) (bv_concat(2) @t1717 @t3) (bv_concat(2) @t1718 @t3)))
(#82 CONG (@p81 @p6) (@t328344) (bool_eq(2) (bv_concat(2) @t1720 @t3) (bv_concat(2) @t1721 @t3)))
(#83 CONG (@p82 @p6) (@t393880) (bool_eq(2) (bv_concat(2) @t1723 @t3) (bv_concat(2) @t1724 @t3)))
(#84 CONG (@p83 @p6) (@t459416) (bool_eq(2) (bv_concat(2) @t1726 @t3) (bv_concat(2) @t1727 @t3)))
(#85 CONG (@p84 @p6) (@t524952) (bool_eq(2) (bv_concat(2) @t1729 @t3) (bv_concat(2) @t1730 @t3)))
(#86 CONG (@p85 @p6) (@t590488) (bool_eq(2) (bv_concat(2) @t1732 @t3) (bv_concat(2) @t1733 @t3)))
(#87 CONG (@p86 @p6) (@t656024) (bool_eq(2) (bv_concat(2) @t1735 @t3) (bv_concat(2) @t1736 @t3)))
(#88 CONG (@p87 @p6) (@t721560) (bool_eq(2) (bv_concat(2) @t1738 @t3) (bv_concat(2) @t1739 @t3)))
(#89 CONG (@p88 @p6) (@t787096) (bool_eq(2) (bv_concat(2) @t1741 @t3) (bv_concat(2) @t1742 @t3)))
(#90 CONG (@p89 @p6) (@t852632) (bool_eq(2) (bv_concat(2) @t1744 @t3) (bv_concat(2) @t1745 @t3)))
(#91 CONG (@p90 @p6) (@t918168) (bool_eq(2) (bv_concat(2) @t1747 @t3) (bv_concat(2) @t1748 @t3)))
(#92 CONG (@p91 @p6) (@t983704) (bool_eq(2) (bv_concat(2) @t1750 @t3) (bv_concat(2) @t1751 @t3)))
(#93 CONG (@p92 @p6) (@t1049240) (bool_eq(2) (bv_concat(2) @t1753 @t3) (bv_concat(2) @t1754 @t3)))
(#94 CONG (@p93 @p6) (@t1114776) (bool_eq(2) (bv_concat(2) @t1756 @t3) (bv_concat(2) @t1757 @t3)))
(#95 CONG (@p94 @p6) (@t1180312) (bool_eq(2) (bv_concat(2) @t1759 @t3) (bv_concat(2) @t1760 @t3)))
(#96 CONG (@p95 @p6) (@t1245848) (bool_eq(2) (bv_concat(2) @t1762 @t3) (bv_concat(2) @t1763 @t3)))
(#97 CONG (@p96 @p6) (@t1311384) (bool_eq(2) (bv_concat(2) @t1765 @t3) (bv_concat(2) @t1766 @t3)))
(#98 CONG (@p97 @p6) (@t1376920) (bool_eq(2) (bv_concat(2) @t1768 @t3) (bv_concat(2) @t1769 @t3)))
(#99 CONG (@p98 @p6) (@t1442456) (bool_eq(2) (bv_concat(2) @t1771 @t3) (bv_concat(2) @t1772 @t3)))
(#100 CONG (@p99 @p6) (@t1507992) (bool_eq(2) (bv_concat(2) @t1774 @t3) (bv_concat(2) @t1775 @t3)))
(#101 CONG (@p100 @p6) (@t1573528) (bool_eq(2) (bv_concat(2) @t1777 @t3) (bv_concat(2) @t1778 @t3)))
(#102 CONG (@p101 @p6) (@t1639064) (bool_eq(2) (bv_concat(2) @t1780 @t3) (bv_concat(2) @t1781 @t3)))
(#103 CONG (@p102 @p6) (@t1704600) (bool_eq(2) (bv_concat(2) @t1783 @t3) (bv_concat(2) @t1784 @t3)))
(#104 CONG (@p103) (@t312) (bool_eq(2) ((_ extract 0 0) @t1786) ((_ extract 0 0) @t1787)))
(#105 TRANS (@p104 @p78) () (bool_eq(2) ((_ extract 0 0) @t1786) ((_ extract 0 0) @t450)))
(#106 CONG (@p105 @p9) (@t529) (bool_eq(2) (bool_eq(2) @t1789 @t1557) (bool_eq(2) @t453 @t111)))
(#107 SYMM (@p106) () (bool_eq(2) (bool_eq(2) @t453 @t111) (bool_eq(2) @t1789 @t1557)))
(#108 REWRITE (@p21) (@t54, @t109, @t455...) (bool_eq(2) ((_ extract 0 0) @t1800) ((_ extract 0 0) @t109)))
(#109 EQ_RESOLVE (@p108 @p107) () (bool_eq(2) ((_ extract 0 0) @t1786) ((_ extract 0 0) @t3)))
(#110 CONG (@p109 @p77) (@t131736) (bool_eq(2) (bv_concat(2) @t1789 @t359) (bv_concat(2) @t1557 @t359)))
(#111 CONG (@p105 @p9) (@t131736) (bool_eq(2) (bv_concat(2) @t1789 @t1557) (bv_concat(2) @t453 @t111)))
(#112 REFL () (((_ extract 1 0) @t456)) (bool_eq(2) ((_ extract 1 0) @t456) ((_ extract 1 0) @t456)))
(#113 CONG (@p103 @p6) (@t1770136) (bool_eq(2) (bv_concat(2) @t1786 @t3) (bv_concat(2) @t1787 @t3)))
(#114 CONG (@p113) (@t16777528) (bool_eq(2) ((_ extract 1 0) @t1810) ((_ extract 1 0) @t1811)))
(#115 TRANS (@p114 @p112) () (bool_eq(2) ((_ extract 1 0) @t1810) ((_ extract 1 0) @t456)))
(#116 CONG (@p115 @p111) (@t529) (bool_eq(2) (bool_eq(2) @t1813 @t1806) (bool_eq(2) @t459 @t1807)))
(#117 SYMM (@p116) () (bool_eq(2) (bool_eq(2) @t459 @t1807) (bool_eq(2) @t1813 @t1806)))
(#118 EVALUATE () ((bv_sub(2) @t115 @t113)) (bool_eq(2) (bv_sub(2) @t115 @t113) (_ bv0 32)))
(#119 SYMM (@p118) () (bool_eq(2) (_ bv0 32) (bv_sub(2) @t115 @t113)))
(#120 EVALUATE () ((bool_slt(2) @t120 @t115)) (bool_eq(2) (bool_slt(2) @t120 @t115) true))
(#121 REWRITE (@p120 @p39 @p38 ...) (@t55, @t109, @t455...) (bool_eq(2) ((_ extract 1 0) @t1838) (bv_concat(2) @t1840 @t1843)))
(#122 EQ_RESOLVE (@p121 @p117) () (bool_eq(2) ((_ extract 1 0) @t1810) (bv_concat(2) @t1789 @t1557)))
(#123 TRANS (@p122 @p110) () (bool_eq(2) ((_ extract 1 0) @t1810) (bv_concat(2) @t1557 @t359)))
(#124 CONG (@p123 @p77) (@t197272) (bool_eq(2) (bv_concat(2) @t1813 @t359) (bv_concat(2) @t1804 @t359)))
(#125 CONG (@p115 @p9) (@t197272) (bool_eq(2) (bv_concat(2) @t1813 @t1557) (bv_concat(2) @t459 @t111)))
(#126 REFL () (((_ extract 2 0) @t464)) (bool_eq(2) ((_ extract 2 0) @t464) ((_ extract 2 0) @t464)))
(#127 CONG (@p113 @p6) (@t1835672) (bool_eq(2) (bv_concat(2) @t1810 @t3) (bv_concat(2) @t1811 @t3)))
(#128 CONG (@p127) (@t33554744) (bool_eq(2) ((_ extract 2 0) @t1853) ((_ extract 2 0) @t1854)))
(#129 TRANS (@p128 @p126) () (bool_eq(2) ((_ extract 2 0) @t1853) ((_ extract 2 0) @t464)))
(#130 CONG (@p129 @p125) (@t529) (bool_eq(2) (bool_eq(2) @t1856 @t1849) (bool_eq(2) @t467 @t1850)))
(#131 SYMM (@p130) () (bool_eq(2) (bool_eq(2) @t467 @t1850) (bool_eq(2) @t1856 @t1849)))
(#132 REWRITE (@p120 @p59 @p58 ...) (@t55, @t109, @t455...) (bool_eq(2) ((_ extract 2 0) @t1877) (bv_concat(2) @t1879 @t1882)))
(#133 EQ_RESOLVE (@p132 @p131) () (bool_eq(2) ((_ extract 2 0) @t1853) (bv_concat(2) @t1813 @t1557)))
(#134 TRANS (@p133 @p124) () (bool_eq(2) ((_ extract 2 0) @t1853) (bv_concat(2) @t1804 @t359)))
(#135 CONG (@p134 @p77) (@t262808) (bool_eq(2) (bv_concat(2) @t1856 @t359) (bv_concat(2) @t1847 @t359)))
(#136 CONG (@p129 @p9) (@t262808) (bool_eq(2) (bv_concat(2) @t1856 @t1557) (bv_concat(2) @t467 @t111)))
(#137 REFL () (((_ extract 3 0) @t469)) (bool_eq(2) ((_ extract 3 0) @t469) ((_ extract 3 0) @t469)))
(#138 CONG (@p127 @p6) (@t1901208) (bool_eq(2) (bv_concat(2) @t1853 @t3) (bv_concat(2) @t1854 @t3)))
(#139 CONG (@p138) (@t50331960) (bool_eq(2) ((_ extract 3 0) @t1892) ((_ extract 3 0) @t1893)))
(#140 TRANS (@p139 @p137) () (bool_eq(2) ((_ extract 3 0) @t1892) ((_ extract 3 0) @t469)))
(#141 CONG (@p140 @p136) (@t529) (bool_eq(2) (bool_eq(2) @t1895 @t1888) (bool_eq(2) @t472 @t1889)))
(#142 SYMM (@p141) () (bool_eq(2) (bool_eq(2) @t472 @t1889) (bool_eq(2) @t1895 @t1888)))
(#143 EVALUATE () ((bv_sub(2) @t474 @t115)) (bool_eq(2) (bv_sub(2) @t474 @t115) (_ bv2 32)))
(#144 SYMM (@p143) () (bool_eq(2) (_ bv2 32) (bv_sub(2) @t474 @t115)))
(#145 EVALUATE () ((bool_sge(2) @t474 @t115)) (bool_eq(2) (bool_sge(2) @t474 @t115) true))
(#146 REWRITE (@p120 @p145 @p144 ...) (@t55, @t109, @t455...) (bool_eq(2) ((_ extract 3 0) @t1920) (bv_concat(2) @t1922 @t1925)))
(#147 EQ_RESOLVE (@p146 @p142) () (bool_eq(2) ((_ extract 3 0) @t1892) (bv_concat(2) @t1856 @t1557)))
(#148 TRANS (@p147 @p135) () (bool_eq(2) ((_ extract 3 0) @t1892) (bv_concat(2) @t1847 @t359)))
(#149 REFL () (((_ extract 4 1) @t482)) (bool_eq(2) ((_ extract 4 1) @t482) ((_ extract 4 1) @t482)))
(#150 CONG (@p138 @p6) (@t1966744) (bool_eq(2) (bv_concat(2) @t1892 @t3) (bv_concat(2) @t1893 @t3)))
(#151 CONG (@p150) (@t67174712) (bool_eq(2) ((_ extract 4 1) @t1929) ((_ extract 4 1) @t1930)))
(#152 TRANS (@p151 @p149) () (bool_eq(2) ((_ extract 4 1) @t1929) ((_ extract 4 1) @t482)))
(#153 CONG (@p152 @p140) (@t529) (bool_eq(2) (bool_eq(2) @t1932 @t1895) (bool_eq(2) @t485 @t472)))
(#154 SYMM (@p153) () (bool_eq(2) (bool_eq(2) @t485 @t472) (bool_eq(2) @t1932 @t1895)))
(#155 EVALUATE () ((bv_sub(2) @t487 @t115)) (bool_eq(2) (bv_sub(2) @t487 @t115) (_ bv3 32)))
(#156 SYMM (@p155) () (bool_eq(2) (_ bv3 32) (bv_sub(2) @t487 @t115)))
(#157 REWRITE (@p39 @p156 @p38) ((bool_eq(2) @t53 @t45), @t109, @t469...) (bool_eq(2) ((_ extract 4 1) @t1953) ((_ extract 3 0) @t469)))
(#158 EQ_RESOLVE (@p157 @p154) () (bool_eq(2) ((_ extract 4 1) @t1929) ((_ extract 3 0) @t1892)))
(#159 TRANS (@p158 @p148) () (bool_eq(2) ((_ extract 4 1) @t1929) (bv_concat(2) @t1847 @t359)))
(#160 REFL () (((_ extract 5 2) @t492)) (bool_eq(2) ((_ extract 5 2) @t492) ((_ extract 5 2) @t492)))
(#161 CONG (@p150 @p6) (@t2032280) (bool_eq(2) (bv_concat(2) @t1929 @t3) (bv_concat(2) @t1930 @t3)))
(#162 CONG (@p161) (@t84017464) (bool_eq(2) ((_ extract 5 2) @t1959) ((_ extract 5 2) @t1960)))
(#163 TRANS (@p162 @p160) () (bool_eq(2) ((_ extract 5 2) @t1959) ((_ extract 5 2) @t492)))
(#164 CONG (@p163 @p152) (@t529) (bool_eq(2) (bool_eq(2) @t1962 @t1932) (bool_eq(2) @t495 @t485)))
(#165 SYMM (@p164) () (bool_eq(2) (bool_eq(2) @t495 @t485) (bool_eq(2) @t1962 @t1932)))
(#166 EVALUATE () ((bv_sub(2) @t497 @t115)) (bool_eq(2) (bv_sub(2) @t497 @t115) (_ bv4 32)))
(#167 SYMM (@p166) () (bool_eq(2) (_ bv4 32) (bv_sub(2) @t497 @t115)))
(#168 REWRITE (@p59 @p167 @p58) ((bool_eq(2) @t53 @t45), @t109, @t482...) (bool_eq(2) ((_ extract 5 2) @t1983) ((_ extract 4 1) @t482)))
(#169 EQ_RESOLVE (@p168 @p165) () (bool_eq(2) ((_ extract 5 2) @t1959) ((_ extract 4 1) @t1929)))
(#170 TRANS (@p169 @p159) () (bool_eq(2) ((_ extract 5 2) @t1959) (bv_concat(2) @t1847 @t359)))
(#171 REFL () (((_ extract 6 3) @t502)) (bool_eq(2) ((_ extract 6 3) @t502) ((_ extract 6 3) @t502)))
(#172 CONG (@p161 @p6) (@t2097816) (bool_eq(2) (bv_concat(2) @t1959 @t3) (bv_concat(2) @t1960 @t3)))
(#173 CONG (@p172) (@t100860216) (bool_eq(2) ((_ extract 6 3) @t1989) ((_ extract 6 3) @t1990)))
(#174 TRANS (@p173 @p171) () (bool_eq(2) ((_ extract 6 3) @t1989) ((_ extract 6 3) @t502)))
(#175 CONG (@p174 @p163) (@t529) (bool_eq(2) (bool_eq(2) @t1992 @t1962) (bool_eq(2) @t505 @t495)))
(#176 SYMM (@p175) () (bool_eq(2) (bool_eq(2) @t505 @t495) (bool_eq(2) @t1992 @t1962)))
(#177 EVALUATE () ((bv_sub(2) @t507 @t115)) (bool_eq(2) (bv_sub(2) @t507 @t115) (_ bv5 32)))
(#178 SYMM (@p177) () (bool_eq(2) (_ bv5 32) (bv_sub(2) @t507 @t115)))
(#179 REWRITE (@p145 @p178 @p144) ((bool_eq(2) @t53 @t45), @t109, @t492...) (bool_eq(2) ((_ extract 6 3) @t2013) ((_ extract 5 2) @t492)))
(#180 EQ_RESOLVE (@p179 @p176) () (bool_eq(2) ((_ extract 6 3) @t1989) ((_ extract 5 2) @t1959)))
(#181 TRANS (@p180 @p170) () (bool_eq(2) ((_ extract 6 3) @t1989) (bv_concat(2) @t1847 @t359)))
(#182 ACI_NORM () ((bool_eq(2) @t194 @t602)) (bool_eq(2) (bv_concat(32) @t3 @t3 @t3 @t3 ...) (bv_concat(2) @t599 @t3)))
(#183 CONG (@p182) (@t100860216) (bool_eq(2) ((_ extract 6 3) @t194) ((_ extract 6 3) @t602)))
(#184 TRANS (@p183 @p181 @p76) () (bool_eq(2) ((_ extract 6 3) @t194) (bv_concat(4) @t359 @t359 @t359 @t359)))
(#185 TRANS (@p184 @p75) () (bool_eq(2) ((_ extract 6 3) @t194) (bv_concat(4) @t3 @t3 @t3 @t3)))
(#186 CONG (@p185 @p69) (@t262736) (bool_eq(2) (bv_and(2) @t2018 @t357) (bv_and(2) @t1699 @t1697)))
(#187 TRANS (@p186 @p68) () (bool_eq(2) (bv_and(2) @t2018 @t357) (bv_concat(4) @t3 @t3 @t3 @t3)))
(#188 ACI_NORM () ((bool_eq(2) @t613 @t610)) (bool_eq(2) (bv_and(2) @t357 @t608) (bv_and(2) @t608 @t357)))
(#189 TRANS (@p188 @p187) () (bool_eq(2) (bv_and(2) @t357 @t608) (bv_concat(4) @t3 @t3 @t3 @t3)))
(#190 EVALUATE () (((_ extract 7 7) @t105)) (bool_eq(2) ((_ extract 7 7) @t105) (_ bv0 1)))
(#191 REFL () (((_ extract 0 0) @t447)) (bool_eq(2) ((_ extract 0 0) @t447) ((_ extract 0 0) @t447)))
(#192 CONG (@p102) (@t312) (bool_eq(2) ((_ extract 0 0) @t1783) ((_ extract 0 0) @t1784)))
(#193 TRANS (@p192 @p191) () (bool_eq(2) ((_ extract 0 0) @t1783) ((_ extract 0 0) @t447)))
(#194 CONG (@p193 @p9) (@t529) (bool_eq(2) (bool_eq(2) @t2031 @t1557) (bool_eq(2) @t621 @t111)))
(#195 SYMM (@p194) () (bool_eq(2) (bool_eq(2) @t621 @t111) (bool_eq(2) @t2031 @t1557)))
(#196 REWRITE (@p21) (@t54, @t109, @t455...) (bool_eq(2) ((_ extract 0 0) @t2042) ((_ extract 0 0) @t109)))
(#197 EQ_RESOLVE (@p196 @p195) () (bool_eq(2) ((_ extract 0 0) @t1783) ((_ extract 0 0) @t3)))
(#198 REFL () (((_ extract 1 1) @t450)) (bool_eq(2) ((_ extract 1 1) @t450) ((_ extract 1 1) @t450)))
(#199 CONG (@p103) (@t16843064) (bool_eq(2) ((_ extract 1 1) @t1786) ((_ extract 1 1) @t1787)))
(#200 TRANS (@p199 @p198) () (bool_eq(2) ((_ extract 1 1) @t1786) ((_ extract 1 1) @t450)))
(#201 CONG (@p200 @p193) (@t529) (bool_eq(2) (bool_eq(2) @t2046 @t2031) (bool_eq(2) @t623 @t621)))
(#202 SYMM (@p201) () (bool_eq(2) (bool_eq(2) @t623 @t621) (bool_eq(2) @t2046 @t2031)))
(#203 REWRITE (@p39 @p38 @p38) ((bool_eq(2) @t53 @t45), @t109, @t447...) (bool_eq(2) ((_ extract 1 1) @t2064) ((_ extract 0 0) @t447)))
(#204 EQ_RESOLVE (@p203 @p202) () (bool_eq(2) ((_ extract 1 1) @t1786) ((_ extract 0 0) @t1783)))
(#205 TRANS (@p204 @p197) () (bool_eq(2) ((_ extract 1 1) @t1786) ((_ extract 0 0) @t3)))
(#206 REFL () (((_ extract 2 2) @t456)) (bool_eq(2) ((_ extract 2 2) @t456) ((_ extract 2 2) @t456)))
(#207 CONG (@p113) (@t33685816) (bool_eq(2) ((_ extract 2 2) @t1810) ((_ extract 2 2) @t1811)))
(#208 TRANS (@p207 @p206) () (bool_eq(2) ((_ extract 2 2) @t1810) ((_ extract 2 2) @t456)))
(#209 CONG (@p208 @p200) (@t529) (bool_eq(2) (bool_eq(2) @t2070 @t2046) (bool_eq(2) @t625 @t623)))
(#210 SYMM (@p209) () (bool_eq(2) (bool_eq(2) @t625 @t623) (bool_eq(2) @t2070 @t2046)))
(#211 REWRITE (@p59 @p58 @p58) ((bool_eq(2) @t53 @t45), @t109, @t450...) (bool_eq(2) ((_ extract 2 2) @t2088) ((_ extract 1 1) @t450)))
(#212 EQ_RESOLVE (@p211 @p210) () (bool_eq(2) ((_ extract 2 2) @t1810) ((_ extract 1 1) @t1786)))
(#213 TRANS (@p212 @p205) () (bool_eq(2) ((_ extract 2 2) @t1810) ((_ extract 0 0) @t3)))
(#214 REFL () (((_ extract 3 3) @t464)) (bool_eq(2) ((_ extract 3 3) @t464) ((_ extract 3 3) @t464)))
(#215 CONG (@p127) (@t50528568) (bool_eq(2) ((_ extract 3 3) @t1853) ((_ extract 3 3) @t1854)))
(#216 TRANS (@p215 @p214) () (bool_eq(2) ((_ extract 3 3) @t1853) ((_ extract 3 3) @t464)))
(#217 CONG (@p216 @p208) (@t529) (bool_eq(2) (bool_eq(2) @t2094 @t2070) (bool_eq(2) @t627 @t625)))
(#218 SYMM (@p217) () (bool_eq(2) (bool_eq(2) @t627 @t625) (bool_eq(2) @t2094 @t2070)))
(#219 REWRITE (@p145 @p144 @p144) ((bool_eq(2) @t53 @t45), @t109, @t456...) (bool_eq(2) ((_ extract 3 3) @t2112) ((_ extract 2 2) @t456)))
(#220 EQ_RESOLVE (@p219 @p218) () (bool_eq(2) ((_ extract 3 3) @t1853) ((_ extract 2 2) @t1810)))
(#221 TRANS (@p220 @p213) () (bool_eq(2) ((_ extract 3 3) @t1853) ((_ extract 0 0) @t3)))
(#222 REFL () (((_ extract 4 4) @t469)) (bool_eq(2) ((_ extract 4 4) @t469) ((_ extract 4 4) @t469)))
(#223 CONG (@p138) (@t67371320) (bool_eq(2) ((_ extract 4 4) @t1892) ((_ extract 4 4) @t1893)))
(#224 TRANS (@p223 @p222) () (bool_eq(2) ((_ extract 4 4) @t1892) ((_ extract 4 4) @t469)))
(#225 CONG (@p224 @p216) (@t529) (bool_eq(2) (bool_eq(2) @t2118 @t2094) (bool_eq(2) @t629 @t627)))
(#226 SYMM (@p225) () (bool_eq(2) (bool_eq(2) @t629 @t627) (bool_eq(2) @t2118 @t2094)))
(#227 EVALUATE () ((bool_sge(2) @t487 @t115)) (bool_eq(2) (bool_sge(2) @t487 @t115) true))
(#228 REWRITE (@p227 @p156 @p156) ((bool_eq(2) @t53 @t45), @t109, @t464...) (bool_eq(2) ((_ extract 4 4) @t2137) ((_ extract 3 3) @t464)))
(#229 EQ_RESOLVE (@p228 @p226) () (bool_eq(2) ((_ extract 4 4) @t1892) ((_ extract 3 3) @t1853)))
(#230 TRANS (@p229 @p221) () (bool_eq(2) ((_ extract 4 4) @t1892) ((_ extract 0 0) @t3)))
(#231 REFL () (((_ extract 5 5) @t482)) (bool_eq(2) ((_ extract 5 5) @t482) ((_ extract 5 5) @t482)))
(#232 CONG (@p150) (@t84214072) (bool_eq(2) ((_ extract 5 5) @t1929) ((_ extract 5 5) @t1930)))
(#233 TRANS (@p232 @p231) () (bool_eq(2) ((_ extract 5 5) @t1929) ((_ extract 5 5) @t482)))
(#234 CONG (@p233 @p224) (@t529) (bool_eq(2) (bool_eq(2) @t2143 @t2118) (bool_eq(2) @t634 @t629)))
(#235 SYMM (@p234) () (bool_eq(2) (bool_eq(2) @t634 @t629) (bool_eq(2) @t2143 @t2118)))
(#236 EVALUATE () ((bool_sge(2) @t497 @t115)) (bool_eq(2) (bool_sge(2) @t497 @t115) true))
(#237 REWRITE (@p236 @p167 @p167) ((bool_eq(2) @t53 @t45), @t109, @t469...) (bool_eq(2) ((_ extract 5 5) @t2162) ((_ extract 4 4) @t469)))
(#238 EQ_RESOLVE (@p237 @p235) () (bool_eq(2) ((_ extract 5 5) @t1929) ((_ extract 4 4) @t1892)))
(#239 TRANS (@p238 @p230) () (bool_eq(2) ((_ extract 5 5) @t1929) ((_ extract 0 0) @t3)))
(#240 REFL () (((_ extract 6 6) @t492)) (bool_eq(2) ((_ extract 6 6) @t492) ((_ extract 6 6) @t492)))
(#241 CONG (@p161) (@t101056824) (bool_eq(2) ((_ extract 6 6) @t1959) ((_ extract 6 6) @t1960)))
(#242 TRANS (@p241 @p240) () (bool_eq(2) ((_ extract 6 6) @t1959) ((_ extract 6 6) @t492)))
(#243 CONG (@p242 @p233) (@t529) (bool_eq(2) (bool_eq(2) @t2168 @t2143) (bool_eq(2) @t639 @t634)))
(#244 SYMM (@p243) () (bool_eq(2) (bool_eq(2) @t639 @t634) (bool_eq(2) @t2168 @t2143)))
(#245 EVALUATE () ((bool_sge(2) @t507 @t115)) (bool_eq(2) (bool_sge(2) @t507 @t115) true))
(#246 REWRITE (@p245 @p178 @p178) ((bool_eq(2) @t53 @t45), @t109, @t482...) (bool_eq(2) ((_ extract 6 6) @t2187) ((_ extract 5 5) @t482)))
(#247 EQ_RESOLVE (@p246 @p244) () (bool_eq(2) ((_ extract 6 6) @t1959) ((_ extract 5 5) @t1929)))
(#248 TRANS (@p247 @p239) () (bool_eq(2) ((_ extract 6 6) @t1959) ((_ extract 0 0) @t3)))
(#249 REFL () (((_ extract 7 7) @t502)) (bool_eq(2) ((_ extract 7 7) @t502) ((_ extract 7 7) @t502)))
(#250 CONG (@p172) (@t117899576) (bool_eq(2) ((_ extract 7 7) @t1989) ((_ extract 7 7) @t1990)))
(#251 TRANS (@p250 @p249) () (bool_eq(2) ((_ extract 7 7) @t1989) ((_ extract 7 7) @t502)))
(#252 CONG (@p251 @p242) (@t529) (bool_eq(2) (bool_eq(2) @t2193 @t2168) (bool_eq(2) @t644 @t639)))
(#253 SYMM (@p252) () (bool_eq(2) (bool_eq(2) @t644 @t639) (bool_eq(2) @t2193 @t2168)))
(#254 EVALUATE () ((bv_sub(2) @t646 @t115)) (bool_eq(2) (bv_sub(2) @t646 @t115) (_ bv6 32)))
(#255 SYMM (@p254) () (bool_eq(2) (_ bv6 32) (bv_sub(2) @t646 @t115)))
(#256 EVALUATE () ((bool_sge(2) @t646 @t115)) (bool_eq(2) (bool_sge(2) @t646 @t115) true))
(#257 REWRITE (@p256 @p255 @p255) ((bool_eq(2) @t53 @t45), @t109, @t492...) (bool_eq(2) ((_ extract 7 7) @t2215) ((_ extract 6 6) @t492)))
(#258 EQ_RESOLVE (@p257 @p253) () (bool_eq(2) ((_ extract 7 7) @t1989) ((_ extract 6 6) @t1959)))
(#259 TRANS (@p258 @p248) () (bool_eq(2) ((_ extract 7 7) @t1989) ((_ extract 0 0) @t3)))
(#260 CONG (@p182) (@t117899576) (bool_eq(2) ((_ extract 7 7) @t194) ((_ extract 7 7) @t602)))
(#261 TRANS (@p260 @p259) () (bool_eq(2) ((_ extract 7 7) @t194) ((_ extract 0 0) @t3)))
(#262 TRANS (@p261 @p14) () (bool_eq(2) ((_ extract 7 7) @t194) ((_ extract 31 31) @t2)))
(#263 CONG (@p262 @p190) (@t66128) (bool_eq(2) (bv_and(2) @t2220 @t619) (bv_and(2) @t3 @t2028)))
(#264 TRANS (@p263 @p4) () (bool_eq(2) (bv_and(2) @t2220 @t619) (_ bv0 1)))
(#265 ACI_NORM () ((bool_eq(2) @t659 @t656)) (bool_eq(2) (bv_and(2) @t619 @t654) (bv_and(2) @t654 @t619)))
(#266 TRANS (@p265 @p264) () (bool_eq(2) (bv_and(2) @t619 @t654) (_ bv0 1)))
(#267 ACI_NORM () ((bool_eq(2) @t667 @t64)) (bool_eq(2) (bv_and(2) @t64 @t665) (bv_concat(24) @t3 @t3 @t3 @t3 ...)))
(#268 EVALUATE () (((_ extract 31 8) @t105)) (bool_eq(2) ((_ extract 31 8) @t105) (_ bv16777215 24)))
(#269 CONG (@p6 @p6 @p6 ...) (@t1579160) (bool_eq(2) (bv_concat(24) @t3 @t3 @t3 @t3 ...) (bv_concat(24) @t3 @t3 @t3 @t3 ...)))
(#270 CONG (@p9 @p9 @p9 ...) (@t1579160) (bool_eq(2) (bv_concat(24) @t1557 @t1557 @t1557 @t1557 ...) (bv_concat(24) @t111 @t111 @t111 @t111 ...)))
(#271 CONG (@p270 @p269) (@t529) (bool_eq(2) (bool_eq(2) @t2235 @t2232) (bool_eq(2) @t2236 @t2233)))
(#272 SYMM (@p271) () (bool_eq(2) (bool_eq(2) @t2236 @t2233) (bool_eq(2) @t2235 @t2232)))
(#273 CONG (@p13 @p13 @p13 ...) (@t1579160) (bool_eq(2) (bv_concat(24) @t111 @t111 @t111 @t111 ...) (bv_concat(24) @t3 @t3 @t3 @t3 ...)))
(#274 EQ_RESOLVE (@p273 @p272) () (bool_eq(2) (bv_concat(24) @t1557 @t1557 @t1557 @t1557 ...) (bv_concat(24) @t3 @t3 @t3 @t3 ...)))
(#275 ACI_NORM () ((bool_eq(2) @t757 @t675)) (bool_eq(2) (bv_concat(2) @t754 @t359) (bv_concat(24) @t359 @t359 @t359 @t359 ...)))
(#276 CONG (@p9 @p9) (@t131736) (bool_eq(2) (bv_concat(2) @t1557 @t1557) (bv_concat(2) @t111 @t111)))
(#277 REFL () (((_ extract 1 0) @t378)) (bool_eq(2) ((_ extract 1 0) @t378) ((_ extract 1 0) @t378)))
(#278 CONG (@p79) (@t16777528) (bool_eq(2) ((_ extract 1 0) @t1714) ((_ extract 1 0) @t1715)))
(#279 TRANS (@p278 @p277) () (bool_eq(2) ((_ extract 1 0) @t1714) ((_ extract 1 0) @t378)))
(#280 CONG (@p279 @p276) (@t529) (bool_eq(2) (bool_eq(2) @t2249 @t2245) (bool_eq(2) @t763 @t2246)))
(#281 SYMM (@p280) () (bool_eq(2) (bool_eq(2) @t763 @t2246) (bool_eq(2) @t2249 @t2245)))
(#282 REWRITE (@p120 @p39 @p38 ...) (@t55, @t109, @t455...) (bool_eq(2) ((_ extract 1 0) @t2270) (bv_concat(2) @t2272 @t2275)))
(#283 EQ_RESOLVE (@p282 @p281) () (bool_eq(2) ((_ extract 1 0) @t1714) (bv_concat(2) @t1557 @t1557)))
(#284 CONG (@p283 @p77) (@t197272) (bool_eq(2) (bv_concat(2) @t2249 @t359) (bv_concat(2) @t2245 @t359)))
(#285 CONG (@p279 @p9) (@t197272) (bool_eq(2) (bv_concat(2) @t2249 @t1557) (bv_concat(2) @t763 @t111)))
(#286 REFL () (((_ extract 2 0) @t381)) (bool_eq(2) ((_ extract 2 0) @t381) ((_ extract 2 0) @t381)))
(#287 CONG (@p80) (@t33554744) (bool_eq(2) ((_ extract 2 0) @t1717) ((_ extract 2 0) @t1718)))
(#288 TRANS (@p287 @p286) () (bool_eq(2) ((_ extract 2 0) @t1717) ((_ extract 2 0) @t381)))
(#289 CONG (@p288 @p285) (@t529) (bool_eq(2) (bool_eq(2) @t2284 @t2280) (bool_eq(2) @t765 @t2281)))
(#290 SYMM (@p289) () (bool_eq(2) (bool_eq(2) @t765 @t2281) (bool_eq(2) @t2284 @t2280)))
(#291 REWRITE (@p120 @p59 @p58 ...) (@t55, @t109, @t455...) (bool_eq(2) ((_ extract 2 0) @t2305) (bv_concat(2) @t2307 @t2310)))
(#292 EQ_RESOLVE (@p291 @p290) () (bool_eq(2) ((_ extract 2 0) @t1717) (bv_concat(2) @t2249 @t1557)))
(#293 TRANS (@p292 @p284) () (bool_eq(2) ((_ extract 2 0) @t1717) (bv_concat(2) @t2245 @t359)))
(#294 CONG (@p293 @p77) (@t262808) (bool_eq(2) (bv_concat(2) @t2284 @t359) (bv_concat(2) @t2278 @t359)))
(#295 CONG (@p288 @p9) (@t262808) (bool_eq(2) (bv_concat(2) @t2284 @t1557) (bv_concat(2) @t765 @t111)))
(#296 REFL () (((_ extract 3 0) @t384)) (bool_eq(2) ((_ extract 3 0) @t384) ((_ extract 3 0) @t384)))
(#297 CONG (@p81) (@t50331960) (bool_eq(2) ((_ extract 3 0) @t1720) ((_ extract 3 0) @t1721)))
(#298 TRANS (@p297 @p296) () (bool_eq(2) ((_ extract 3 0) @t1720) ((_ extract 3 0) @t384)))
(#299 CONG (@p298 @p295) (@t529) (bool_eq(2) (bool_eq(2) @t2320 @t2316) (bool_eq(2) @t767 @t2317)))
(#300 SYMM (@p299) () (bool_eq(2) (bool_eq(2) @t767 @t2317) (bool_eq(2) @t2320 @t2316)))
(#301 REWRITE (@p120 @p145 @p144 ...) (@t55, @t109, @t455...) (bool_eq(2) ((_ extract 3 0) @t2341) (bv_concat(2) @t2343 @t2346)))
(#302 EQ_RESOLVE (@p301 @p300) () (bool_eq(2) ((_ extract 3 0) @t1720) (bv_concat(2) @t2284 @t1557)))
(#303 TRANS (@p302 @p294) () (bool_eq(2) ((_ extract 3 0) @t1720) (bv_concat(2) @t2278 @t359)))
(#304 CONG (@p303 @p77) (@t328344) (bool_eq(2) (bv_concat(2) @t2320 @t359) (bv_concat(2) @t2314 @t359)))
(#305 CONG (@p298 @p9) (@t328344) (bool_eq(2) (bv_concat(2) @t2320 @t1557) (bv_concat(2) @t767 @t111)))
(#306 REFL () (((_ extract 4 0) @t387)) (bool_eq(2) ((_ extract 4 0) @t387) ((_ extract 4 0) @t387)))
(#307 CONG (@p82) (@t67109176) (bool_eq(2) ((_ extract 4 0) @t1723) ((_ extract 4 0) @t1724)))
(#308 TRANS (@p307 @p306) () (bool_eq(2) ((_ extract 4 0) @t1723) ((_ extract 4 0) @t387)))
(#309 CONG (@p308 @p305) (@t529) (bool_eq(2) (bool_eq(2) @t2356 @t2352) (bool_eq(2) @t769 @t2353)))
(#310 SYMM (@p309) () (bool_eq(2) (bool_eq(2) @t769 @t2353) (bool_eq(2) @t2356 @t2352)))
(#311 REWRITE (@p120 @p227 @p156 ...) (@t55, @t109, @t455...) (bool_eq(2) ((_ extract 4 0) @t2377) (bv_concat(2) @t2379 @t2382)))
(#312 EQ_RESOLVE (@p311 @p310) () (bool_eq(2) ((_ extract 4 0) @t1723) (bv_concat(2) @t2320 @t1557)))
(#313 TRANS (@p312 @p304) () (bool_eq(2) ((_ extract 4 0) @t1723) (bv_concat(2) @t2314 @t359)))
(#314 CONG (@p313 @p77) (@t393880) (bool_eq(2) (bv_concat(2) @t2356 @t359) (bv_concat(2) @t2350 @t359)))
(#315 CONG (@p308 @p9) (@t393880) (bool_eq(2) (bv_concat(2) @t2356 @t1557) (bv_concat(2) @t769 @t111)))
(#316 REFL () (((_ extract 5 0) @t390)) (bool_eq(2) ((_ extract 5 0) @t390) ((_ extract 5 0) @t390)))
(#317 CONG (@p83) (@t83886392) (bool_eq(2) ((_ extract 5 0) @t1726) ((_ extract 5 0) @t1727)))
(#318 TRANS (@p317 @p316) () (bool_eq(2) ((_ extract 5 0) @t1726) ((_ extract 5 0) @t390)))
(#319 CONG (@p318 @p315) (@t529) (bool_eq(2) (bool_eq(2) @t2392 @t2388) (bool_eq(2) @t771 @t2389)))
(#320 SYMM (@p319) () (bool_eq(2) (bool_eq(2) @t771 @t2389) (bool_eq(2) @t2392 @t2388)))
(#321 REWRITE (@p120 @p236 @p167 ...) (@t55, @t109, @t455...) (bool_eq(2) ((_ extract 5 0) @t2413) (bv_concat(2) @t2415 @t2418)))
(#322 EQ_RESOLVE (@p321 @p320) () (bool_eq(2) ((_ extract 5 0) @t1726) (bv_concat(2) @t2356 @t1557)))
(#323 TRANS (@p322 @p314) () (bool_eq(2) ((_ extract 5 0) @t1726) (bv_concat(2) @t2350 @t359)))
(#324 CONG (@p323 @p77) (@t459416) (bool_eq(2) (bv_concat(2) @t2392 @t359) (bv_concat(2) @t2386 @t359)))
(#325 CONG (@p318 @p9) (@t459416) (bool_eq(2) (bv_concat(2) @t2392 @t1557) (bv_concat(2) @t771 @t111)))
(#326 REFL () (((_ extract 6 0) @t393)) (bool_eq(2) ((_ extract 6 0) @t393) ((_ extract 6 0) @t393)))
(#327 CONG (@p84) (@t100663608) (bool_eq(2) ((_ extract 6 0) @t1729) ((_ extract 6 0) @t1730)))
(#328 TRANS (@p327 @p326) () (bool_eq(2) ((_ extract 6 0) @t1729) ((_ extract 6 0) @t393)))
(#329 CONG (@p328 @p325) (@t529) (bool_eq(2) (bool_eq(2) @t2428 @t2424) (bool_eq(2) @t773 @t2425)))
(#330 SYMM (@p329) () (bool_eq(2) (bool_eq(2) @t773 @t2425) (bool_eq(2) @t2428 @t2424)))
(#331 REWRITE (@p120 @p245 @p178 ...) (@t55, @t109, @t455...) (bool_eq(2) ((_ extract 6 0) @t2449) (bv_concat(2) @t2451 @t2454)))
(#332 EQ_RESOLVE (@p331 @p330) () (bool_eq(2) ((_ extract 6 0) @t1729) (bv_concat(2) @t2392 @t1557)))
(#333 TRANS (@p332 @p324) () (bool_eq(2) ((_ extract 6 0) @t1729) (bv_concat(2) @t2386 @t359)))
(#334 CONG (@p333 @p77) (@t524952) (bool_eq(2) (bv_concat(2) @t2428 @t359) (bv_concat(2) @t2422 @t359)))
(#335 CONG (@p328 @p9) (@t524952) (bool_eq(2) (bv_concat(2) @t2428 @t1557) (bv_concat(2) @t773 @t111)))
(#336 REFL () (((_ extract 7 0) @t396)) (bool_eq(2) ((_ extract 7 0) @t396) ((_ extract 7 0) @t396)))
(#337 CONG (@p85) (@t117440824) (bool_eq(2) ((_ extract 7 0) @t1732) ((_ extract 7 0) @t1733)))
(#338 TRANS (@p337 @p336) () (bool_eq(2) ((_ extract 7 0) @t1732) ((_ extract 7 0) @t396)))
(#339 CONG (@p338 @p335) (@t529) (bool_eq(2) (bool_eq(2) @t2464 @t2460) (bool_eq(2) @t775 @t2461)))
(#340 SYMM (@p339) () (bool_eq(2) (bool_eq(2) @t775 @t2461) (bool_eq(2) @t2464 @t2460)))
(#341 REWRITE (@p120 @p256 @p255 ...) (@t55, @t109, @t455...) (bool_eq(2) ((_ extract 7 0) @t2485) (bv_concat(2) @t2487 @t2490)))
(#342 EQ_RESOLVE (@p341 @p340) () (bool_eq(2) ((_ extract 7 0) @t1732) (bv_concat(2) @t2428 @t1557)))
(#343 TRANS (@p342 @p334) () (bool_eq(2) ((_ extract 7 0) @t1732) (bv_concat(2) @t2422 @t359)))
(#344 CONG (@p343 @p77) (@t590488) (bool_eq(2) (bv_concat(2) @t2464 @t359) (bv_concat(2) @t2458 @t359)))
(#345 CONG (@p338 @p9) (@t590488) (bool_eq(2) (bv_concat(2) @t2464 @t1557) (bv_concat(2) @t775 @t111)))
(#346 REFL () (((_ extract 8 0) @t399)) (bool_eq(2) ((_ extract 8 0) @t399) ((_ extract 8 0) @t399)))
(#347 CONG (@p86) (@t134218040) (bool_eq(2) ((_ extract 8 0) @t1735) ((_ extract 8 0) @t1736)))
(#348 TRANS (@p347 @p346) () (bool_eq(2) ((_ extract 8 0) @t1735) ((_ extract 8 0) @t399)))
(#349 CONG (@p348 @p345) (@t529) (bool_eq(2) (bool_eq(2) @t2500 @t2496) (bool_eq(2) @t777 @t2497)))
(#350 SYMM (@p349) () (bool_eq(2) (bool_eq(2) @t777 @t2497) (bool_eq(2) @t2500 @t2496)))
(#351 EVALUATE () ((bv_sub(2) @t779 @t115)) (bool_eq(2) (bv_sub(2) @t779 @t115) (_ bv7 32)))
(#352 SYMM (@p351) () (bool_eq(2) (_ bv7 32) (bv_sub(2) @t779 @t115)))
(#353 EVALUATE () ((bool_sge(2) @t779 @t115)) (bool_eq(2) (bool_sge(2) @t779 @t115) true))
(#354 REWRITE (@p120 @p353 @p352 ...) (@t55, @t109, @t455...) (bool_eq(2) ((_ extract 8 0) @t2525) (bv_concat(2) @t2527 @t2530)))
(#355 EQ_RESOLVE (@p354 @p350) () (bool_eq(2) ((_ extract 8 0) @t1735) (bv_concat(2) @t2464 @t1557)))
(#356 TRANS (@p355 @p344) () (bool_eq(2) ((_ extract 8 0) @t1735) (bv_concat(2) @t2458 @t359)))
(#357 CONG (@p356 @p77) (@t656024) (bool_eq(2) (bv_concat(2) @t2500 @t359) (bv_concat(2) @t2494 @t359)))
(#358 CONG (@p348 @p9) (@t656024) (bool_eq(2) (bv_concat(2) @t2500 @t1557) (bv_concat(2) @t777 @t111)))
(#359 REFL () (((_ extract 9 0) @t402)) (bool_eq(2) ((_ extract 9 0) @t402) ((_ extract 9 0) @t402)))
(#360 CONG (@p87) (@t150995256) (bool_eq(2) ((_ extract 9 0) @t1738) ((_ extract 9 0) @t1739)))
(#361 TRANS (@p360 @p359) () (bool_eq(2) ((_ extract 9 0) @t1738) ((_ extract 9 0) @t402)))
(#362 CONG (@p361 @p358) (@t529) (bool_eq(2) (bool_eq(2) @t2540 @t2536) (bool_eq(2) @t787 @t2537)))
(#363 SYMM (@p362) () (bool_eq(2) (bool_eq(2) @t787 @t2537) (bool_eq(2) @t2540 @t2536)))
(#364 EVALUATE () ((bv_sub(2) @t789 @t115)) (bool_eq(2) (bv_sub(2) @t789 @t115) (_ bv8 32)))
(#365 SYMM (@p364) () (bool_eq(2) (_ bv8 32) (bv_sub(2) @t789 @t115)))
(#366 EVALUATE () ((bool_sge(2) @t789 @t115)) (bool_eq(2) (bool_sge(2) @t789 @t115) true))
(#367 REWRITE (@p120 @p366 @p365 ...) (@t55, @t109, @t455...) (bool_eq(2) ((_ extract 9 0) @t2565) (bv_concat(2) @t2567 @t2570)))
(#368 EQ_RESOLVE (@p367 @p363) () (bool_eq(2) ((_ extract 9 0) @t1738) (bv_concat(2) @t2500 @t1557)))
(#369 TRANS (@p368 @p357) () (bool_eq(2) ((_ extract 9 0) @t1738) (bv_concat(2) @t2494 @t359)))
(#370 CONG (@p369 @p77) (@t721560) (bool_eq(2) (bv_concat(2) @t2540 @t359) (bv_concat(2) @t2534 @t359)))
(#371 CONG (@p361 @p9) (@t721560) (bool_eq(2) (bv_concat(2) @t2540 @t1557) (bv_concat(2) @t787 @t111)))
(#372 REFL () (((_ extract 10 0) @t405)) (bool_eq(2) ((_ extract 10 0) @t405) ((_ extract 10 0) @t405)))
(#373 CONG (@p88) (@t167772472) (bool_eq(2) ((_ extract 10 0) @t1741) ((_ extract 10 0) @t1742)))
(#374 TRANS (@p373 @p372) () (bool_eq(2) ((_ extract 10 0) @t1741) ((_ extract 10 0) @t405)))
(#375 CONG (@p374 @p371) (@t529) (bool_eq(2) (bool_eq(2) @t2580 @t2576) (bool_eq(2) @t797 @t2577)))
(#376 SYMM (@p375) () (bool_eq(2) (bool_eq(2) @t797 @t2577) (bool_eq(2) @t2580 @t2576)))
(#377 EVALUATE () ((bv_sub(2) @t799 @t115)) (bool_eq(2) (bv_sub(2) @t799 @t115) (_ bv9 32)))
(#378 SYMM (@p377) () (bool_eq(2) (_ bv9 32) (bv_sub(2) @t799 @t115)))
(#379 EVALUATE () ((bool_sge(2) @t799 @t115)) (bool_eq(2) (bool_sge(2) @t799 @t115) true))
(#380 REWRITE (@p120 @p379 @p378 ...) (@t55, @t109, @t455...) (bool_eq(2) ((_ extract 10 0) @t2605) (bv_concat(2) @t2607 @t2610)))
(#381 EQ_RESOLVE (@p380 @p376) () (bool_eq(2) ((_ extract 10 0) @t1741) (bv_concat(2) @t2540 @t1557)))
(#382 TRANS (@p381 @p370) () (bool_eq(2) ((_ extract 10 0) @t1741) (bv_concat(2) @t2534 @t359)))
(#383 CONG (@p382 @p77) (@t787096) (bool_eq(2) (bv_concat(2) @t2580 @t359) (bv_concat(2) @t2574 @t359)))
(#384 CONG (@p374 @p9) (@t787096) (bool_eq(2) (bv_concat(2) @t2580 @t1557) (bv_concat(2) @t797 @t111)))
(#385 REFL () (((_ extract 11 0) @t408)) (bool_eq(2) ((_ extract 11 0) @t408) ((_ extract 11 0) @t408)))
(#386 CONG (@p89) (@t184549688) (bool_eq(2) ((_ extract 11 0) @t1744) ((_ extract 11 0) @t1745)))
(#387 TRANS (@p386 @p385) () (bool_eq(2) ((_ extract 11 0) @t1744) ((_ extract 11 0) @t408)))
(#388 CONG (@p387 @p384) (@t529) (bool_eq(2) (bool_eq(2) @t2620 @t2616) (bool_eq(2) @t807 @t2617)))
(#389 SYMM (@p388) () (bool_eq(2) (bool_eq(2) @t807 @t2617) (bool_eq(2) @t2620 @t2616)))
(#390 EVALUATE () ((bv_sub(2) @t809 @t115)) (bool_eq(2) (bv_sub(2) @t809 @t115) (_ bv10 32)))
(#391 SYMM (@p390) () (bool_eq(2) (_ bv10 32) (bv_sub(2) @t809 @t115)))
(#392 EVALUATE () ((bool_sge(2) @t809 @t115)) (bool_eq(2) (bool_sge(2) @t809 @t115) true))
(#393 REWRITE (@p120 @p392 @p391 ...) (@t55, @t109, @t455...) (bool_eq(2) ((_ extract 11 0) @t2645) (bv_concat(2) @t2647 @t2650)))
(#394 EQ_RESOLVE (@p393 @p389) () (bool_eq(2) ((_ extract 11 0) @t1744) (bv_concat(2) @t2580 @t1557)))
(#395 TRANS (@p394 @p383) () (bool_eq(2) ((_ extract 11 0) @t1744) (bv_concat(2) @t2574 @t359)))
(#396 CONG (@p395 @p77) (@t852632) (bool_eq(2) (bv_concat(2) @t2620 @t359) (bv_concat(2) @t2614 @t359)))
(#397 CONG (@p387 @p9) (@t852632) (bool_eq(2) (bv_concat(2) @t2620 @t1557) (bv_concat(2) @t807 @t111)))
(#398 REFL () (((_ extract 12 0) @t411)) (bool_eq(2) ((_ extract 12 0) @t411) ((_ extract 12 0) @t411)))
(#399 CONG (@p90) (@t201326904) (bool_eq(2) ((_ extract 12 0) @t1747) ((_ extract 12 0) @t1748)))
(#400 TRANS (@p399 @p398) () (bool_eq(2) ((_ extract 12 0) @t1747) ((_ extract 12 0) @t411)))
(#401 CONG (@p400 @p397) (@t529) (bool_eq(2) (bool_eq(2) @t2660 @t2656) (bool_eq(2) @t817 @t2657)))
(#402 SYMM (@p401) () (bool_eq(2) (bool_eq(2) @t817 @t2657) (bool_eq(2) @t2660 @t2656)))
(#403 EVALUATE () ((bv_sub(2) @t819 @t115)) (bool_eq(2) (bv_sub(2) @t819 @t115) (_ bv11 32)))
(#404 SYMM (@p403) () (bool_eq(2) (_ bv11 32) (bv_sub(2) @t819 @t115)))
(#405 EVALUATE () ((bool_sge(2) @t819 @t115)) (bool_eq(2) (bool_sge(2) @t819 @t115) true))
(#406 REWRITE (@p120 @p405 @p404 ...) (@t55, @t109, @t455...) (bool_eq(2) ((_ extract 12 0) @t2685) (bv_concat(2) @t2687 @t2690)))
(#407 EQ_RESOLVE (@p406 @p402) () (bool_eq(2) ((_ extract 12 0) @t1747) (bv_concat(2) @t2620 @t1557)))
(#408 TRANS (@p407 @p396) () (bool_eq(2) ((_ extract 12 0) @t1747) (bv_concat(2) @t2614 @t359)))
(#409 CONG (@p408 @p77) (@t918168) (bool_eq(2) (bv_concat(2) @t2660 @t359) (bv_concat(2) @t2654 @t359)))
(#410 CONG (@p400 @p9) (@t918168) (bool_eq(2) (bv_concat(2) @t2660 @t1557) (bv_concat(2) @t817 @t111)))
(#411 REFL () (((_ extract 13 0) @t414)) (bool_eq(2) ((_ extract 13 0) @t414) ((_ extract 13 0) @t414)))
(#412 CONG (@p91) (@t218104120) (bool_eq(2) ((_ extract 13 0) @t1750) ((_ extract 13 0) @t1751)))
(#413 TRANS (@p412 @p411) () (bool_eq(2) ((_ extract 13 0) @t1750) ((_ extract 13 0) @t414)))
(#414 CONG (@p413 @p410) (@t529) (bool_eq(2) (bool_eq(2) @t2700 @t2696) (bool_eq(2) @t827 @t2697)))
(#415 SYMM (@p414) () (bool_eq(2) (bool_eq(2) @t827 @t2697) (bool_eq(2) @t2700 @t2696)))
(#416 EVALUATE () ((bv_sub(2) @t829 @t115)) (bool_eq(2) (bv_sub(2) @t829 @t115) (_ bv12 32)))
(#417 SYMM (@p416) () (bool_eq(2) (_ bv12 32) (bv_sub(2) @t829 @t115)))
(#418 EVALUATE () ((bool_sge(2) @t829 @t115)) (bool_eq(2) (bool_sge(2) @t829 @t115) true))
(#419 REWRITE (@p120 @p418 @p417 ...) (@t55, @t109, @t455...) (bool_eq(2) ((_ extract 13 0) @t2725) (bv_concat(2) @t2727 @t2730)))
(#420 EQ_RESOLVE (@p419 @p415) () (bool_eq(2) ((_ extract 13 0) @t1750) (bv_concat(2) @t2660 @t1557)))
(#421 TRANS (@p420 @p409) () (bool_eq(2) ((_ extract 13 0) @t1750) (bv_concat(2) @t2654 @t359)))
(#422 CONG (@p421 @p77) (@t983704) (bool_eq(2) (bv_concat(2) @t2700 @t359) (bv_concat(2) @t2694 @t359)))
(#423 CONG (@p413 @p9) (@t983704) (bool_eq(2) (bv_concat(2) @t2700 @t1557) (bv_concat(2) @t827 @t111)))
(#424 REFL () (((_ extract 14 0) @t417)) (bool_eq(2) ((_ extract 14 0) @t417) ((_ extract 14 0) @t417)))
(#425 CONG (@p92) (@t234881336) (bool_eq(2) ((_ extract 14 0) @t1753) ((_ extract 14 0) @t1754)))
(#426 TRANS (@p425 @p424) () (bool_eq(2) ((_ extract 14 0) @t1753) ((_ extract 14 0) @t417)))
(#427 CONG (@p426 @p423) (@t529) (bool_eq(2) (bool_eq(2) @t2740 @t2736) (bool_eq(2) @t837 @t2737)))
(#428 SYMM (@p427) () (bool_eq(2) (bool_eq(2) @t837 @t2737) (bool_eq(2) @t2740 @t2736)))
(#429 EVALUATE () ((bv_sub(2) @t839 @t115)) (bool_eq(2) (bv_sub(2) @t839 @t115) (_ bv13 32)))
(#430 SYMM (@p429) () (bool_eq(2) (_ bv13 32) (bv_sub(2) @t839 @t115)))
(#431 EVALUATE () ((bool_sge(2) @t839 @t115)) (bool_eq(2) (bool_sge(2) @t839 @t115) true))
(#432 REWRITE (@p120 @p431 @p430 ...) (@t55, @t109, @t455...) (bool_eq(2) ((_ extract 14 0) @t2765) (bv_concat(2) @t2767 @t2770)))
(#433 EQ_RESOLVE (@p432 @p428) () (bool_eq(2) ((_ extract 14 0) @t1753) (bv_concat(2) @t2700 @t1557)))
(#434 TRANS (@p433 @p422) () (bool_eq(2) ((_ extract 14 0) @t1753) (bv_concat(2) @t2694 @t359)))
(#435 CONG (@p434 @p77) (@t1049240) (bool_eq(2) (bv_concat(2) @t2740 @t359) (bv_concat(2) @t2734 @t359)))
(#436 CONG (@p426 @p9) (@t1049240) (bool_eq(2) (bv_concat(2) @t2740 @t1557) (bv_concat(2) @t837 @t111)))
(#437 REFL () (((_ extract 15 0) @t420)) (bool_eq(2) ((_ extract 15 0) @t420) ((_ extract 15 0) @t420)))
(#438 CONG (@p93) (@t251658552) (bool_eq(2) ((_ extract 15 0) @t1756) ((_ extract 15 0) @t1757)))
(#439 TRANS (@p438 @p437) () (bool_eq(2) ((_ extract 15 0) @t1756) ((_ extract 15 0) @t420)))
(#440 CONG (@p439 @p436) (@t529) (bool_eq(2) (bool_eq(2) @t2780 @t2776) (bool_eq(2) @t847 @t2777)))
(#441 SYMM (@p440) () (bool_eq(2) (bool_eq(2) @t847 @t2777) (bool_eq(2) @t2780 @t2776)))
(#442 EVALUATE () ((bv_sub(2) @t849 @t115)) (bool_eq(2) (bv_sub(2) @t849 @t115) (_ bv14 32)))
(#443 SYMM (@p442) () (bool_eq(2) (_ bv14 32) (bv_sub(2) @t849 @t115)))
(#444 EVALUATE () ((bool_sge(2) @t849 @t115)) (bool_eq(2) (bool_sge(2) @t849 @t115) true))
(#445 REWRITE (@p120 @p444 @p443 ...) (@t55, @t109, @t455...) (bool_eq(2) ((_ extract 15 0) @t2805) (bv_concat(2) @t2807 @t2810)))
(#446 EQ_RESOLVE (@p445 @p441) () (bool_eq(2) ((_ extract 15 0) @t1756) (bv_concat(2) @t2740 @t1557)))
(#447 TRANS (@p446 @p435) () (bool_eq(2) ((_ extract 15 0) @t1756) (bv_concat(2) @t2734 @t359)))
(#448 CONG (@p447 @p77) (@t1114776) (bool_eq(2) (bv_concat(2) @t2780 @t359) (bv_concat(2) @t2774 @t359)))
(#449 CONG (@p439 @p9) (@t1114776) (bool_eq(2) (bv_concat(2) @t2780 @t1557) (bv_concat(2) @t847 @t111)))
(#450 REFL () (((_ extract 16 0) @t423)) (bool_eq(2) ((_ extract 16 0) @t423) ((_ extract 16 0) @t423)))
(#451 CONG (@p94) (@t268435768) (bool_eq(2) ((_ extract 16 0) @t1759) ((_ extract 16 0) @t1760)))
(#452 TRANS (@p451 @p450) () (bool_eq(2) ((_ extract 16 0) @t1759) ((_ extract 16 0) @t423)))
(#453 CONG (@p452 @p449) (@t529) (bool_eq(2) (bool_eq(2) @t2820 @t2816) (bool_eq(2) @t857 @t2817)))
(#454 SYMM (@p453) () (bool_eq(2) (bool_eq(2) @t857 @t2817) (bool_eq(2) @t2820 @t2816)))
(#455 EVALUATE () ((bv_sub(2) @t859 @t115)) (bool_eq(2) (bv_sub(2) @t859 @t115) (_ bv15 32)))
(#456 SYMM (@p455) () (bool_eq(2) (_ bv15 32) (bv_sub(2) @t859 @t115)))
(#457 EVALUATE () ((bool_sge(2) @t859 @t115)) (bool_eq(2) (bool_sge(2) @t859 @t115) true))
(#458 REWRITE (@p120 @p457 @p456 ...) (@t55, @t109, @t455...) (bool_eq(2) ((_ extract 16 0) @t2845) (bv_concat(2) @t2847 @t2850)))
(#459 EQ_RESOLVE (@p458 @p454) () (bool_eq(2) ((_ extract 16 0) @t1759) (bv_concat(2) @t2780 @t1557)))
(#460 TRANS (@p459 @p448) () (bool_eq(2) ((_ extract 16 0) @t1759) (bv_concat(2) @t2774 @t359)))
(#461 CONG (@p460 @p77) (@t1180312) (bool_eq(2) (bv_concat(2) @t2820 @t359) (bv_concat(2) @t2814 @t359)))
(#462 CONG (@p452 @p9) (@t1180312) (bool_eq(2) (bv_concat(2) @t2820 @t1557) (bv_concat(2) @t857 @t111)))
(#463 REFL () (((_ extract 17 0) @t426)) (bool_eq(2) ((_ extract 17 0) @t426) ((_ extract 17 0) @t426)))
(#464 CONG (@p95) (@t285212984) (bool_eq(2) ((_ extract 17 0) @t1762) ((_ extract 17 0) @t1763)))
(#465 TRANS (@p464 @p463) () (bool_eq(2) ((_ extract 17 0) @t1762) ((_ extract 17 0) @t426)))
(#466 CONG (@p465 @p462) (@t529) (bool_eq(2) (bool_eq(2) @t2860 @t2856) (bool_eq(2) @t867 @t2857)))
(#467 SYMM (@p466) () (bool_eq(2) (bool_eq(2) @t867 @t2857) (bool_eq(2) @t2860 @t2856)))
(#468 EVALUATE () ((bv_sub(2) @t869 @t115)) (bool_eq(2) (bv_sub(2) @t869 @t115) (_ bv16 32)))
(#469 SYMM (@p468) () (bool_eq(2) (_ bv16 32) (bv_sub(2) @t869 @t115)))
(#470 EVALUATE () ((bool_sge(2) @t869 @t115)) (bool_eq(2) (bool_sge(2) @t869 @t115) true))
(#471 REWRITE (@p120 @p470 @p469 ...) (@t55, @t109, @t455...) (bool_eq(2) ((_ extract 17 0) @t2885) (bv_concat(2) @t2887 @t2890)))
(#472 EQ_RESOLVE (@p471 @p467) () (bool_eq(2) ((_ extract 17 0) @t1762) (bv_concat(2) @t2820 @t1557)))
(#473 TRANS (@p472 @p461) () (bool_eq(2) ((_ extract 17 0) @t1762) (bv_concat(2) @t2814 @t359)))
(#474 CONG (@p473 @p77) (@t1245848) (bool_eq(2) (bv_concat(2) @t2860 @t359) (bv_concat(2) @t2854 @t359)))
(#475 CONG (@p465 @p9) (@t1245848) (bool_eq(2) (bv_concat(2) @t2860 @t1557) (bv_concat(2) @t867 @t111)))
(#476 REFL () (((_ extract 18 0) @t429)) (bool_eq(2) ((_ extract 18 0) @t429) ((_ extract 18 0) @t429)))
(#477 CONG (@p96) (@t301990200) (bool_eq(2) ((_ extract 18 0) @t1765) ((_ extract 18 0) @t1766)))
(#478 TRANS (@p477 @p476) () (bool_eq(2) ((_ extract 18 0) @t1765) ((_ extract 18 0) @t429)))
(#479 CONG (@p478 @p475) (@t529) (bool_eq(2) (bool_eq(2) @t2900 @t2896) (bool_eq(2) @t877 @t2897)))
(#480 SYMM (@p479) () (bool_eq(2) (bool_eq(2) @t877 @t2897) (bool_eq(2) @t2900 @t2896)))
(#481 EVALUATE () ((bv_sub(2) @t879 @t115)) (bool_eq(2) (bv_sub(2) @t879 @t115) (_ bv17 32)))
(#482 SYMM (@p481) () (bool_eq(2) (_ bv17 32) (bv_sub(2) @t879 @t115)))
(#483 EVALUATE () ((bool_sge(2) @t879 @t115)) (bool_eq(2) (bool_sge(2) @t879 @t115) true))
(#484 REWRITE (@p120 @p483 @p482 ...) (@t55, @t109, @t455...) (bool_eq(2) ((_ extract 18 0) @t2925) (bv_concat(2) @t2927 @t2930)))
(#485 EQ_RESOLVE (@p484 @p480) () (bool_eq(2) ((_ extract 18 0) @t1765) (bv_concat(2) @t2860 @t1557)))
(#486 TRANS (@p485 @p474) () (bool_eq(2) ((_ extract 18 0) @t1765) (bv_concat(2) @t2854 @t359)))
(#487 CONG (@p486 @p77) (@t1311384) (bool_eq(2) (bv_concat(2) @t2900 @t359) (bv_concat(2) @t2894 @t359)))
(#488 CONG (@p478 @p9) (@t1311384) (bool_eq(2) (bv_concat(2) @t2900 @t1557) (bv_concat(2) @t877 @t111)))
(#489 REFL () (((_ extract 19 0) @t432)) (bool_eq(2) ((_ extract 19 0) @t432) ((_ extract 19 0) @t432)))
(#490 CONG (@p97) (@t318767416) (bool_eq(2) ((_ extract 19 0) @t1768) ((_ extract 19 0) @t1769)))
(#491 TRANS (@p490 @p489) () (bool_eq(2) ((_ extract 19 0) @t1768) ((_ extract 19 0) @t432)))
(#492 CONG (@p491 @p488) (@t529) (bool_eq(2) (bool_eq(2) @t2940 @t2936) (bool_eq(2) @t887 @t2937)))
(#493 SYMM (@p492) () (bool_eq(2) (bool_eq(2) @t887 @t2937) (bool_eq(2) @t2940 @t2936)))
(#494 EVALUATE () ((bv_sub(2) @t889 @t115)) (bool_eq(2) (bv_sub(2) @t889 @t115) (_ bv18 32)))
(#495 SYMM (@p494) () (bool_eq(2) (_ bv18 32) (bv_sub(2) @t889 @t115)))
(#496 EVALUATE () ((bool_sge(2) @t889 @t115)) (bool_eq(2) (bool_sge(2) @t889 @t115) true))
(#497 REWRITE (@p120 @p496 @p495 ...) (@t55, @t109, @t455...) (bool_eq(2) ((_ extract 19 0) @t2965) (bv_concat(2) @t2967 @t2970)))
(#498 EQ_RESOLVE (@p497 @p493) () (bool_eq(2) ((_ extract 19 0) @t1768) (bv_concat(2) @t2900 @t1557)))
(#499 TRANS (@p498 @p487) () (bool_eq(2) ((_ extract 19 0) @t1768) (bv_concat(2) @t2894 @t359)))
(#500 CONG (@p499 @p77) (@t1376920) (bool_eq(2) (bv_concat(2) @t2940 @t359) (bv_concat(2) @t2934 @t359)))
(#501 CONG (@p491 @p9) (@t1376920) (bool_eq(2) (bv_concat(2) @t2940 @t1557) (bv_concat(2) @t887 @t111)))
(#502 REFL () (((_ extract 20 0) @t435)) (bool_eq(2) ((_ extract 20 0) @t435) ((_ extract 20 0) @t435)))
(#503 CONG (@p98) (@t335544632) (bool_eq(2) ((_ extract 20 0) @t1771) ((_ extract 20 0) @t1772)))
(#504 TRANS (@p503 @p502) () (bool_eq(2) ((_ extract 20 0) @t1771) ((_ extract 20 0) @t435)))
(#505 CONG (@p504 @p501) (@t529) (bool_eq(2) (bool_eq(2) @t2980 @t2976) (bool_eq(2) @t897 @t2977)))
(#506 SYMM (@p505) () (bool_eq(2) (bool_eq(2) @t897 @t2977) (bool_eq(2) @t2980 @t2976)))
(#507 EVALUATE () ((bv_sub(2) @t899 @t115)) (bool_eq(2) (bv_sub(2) @t899 @t115) (_ bv19 32)))
(#508 SYMM (@p507) () (bool_eq(2) (_ bv19 32) (bv_sub(2) @t899 @t115)))
(#509 EVALUATE () ((bool_sge(2) @t899 @t115)) (bool_eq(2) (bool_sge(2) @t899 @t115) true))
(#510 REWRITE (@p120 @p509 @p508 ...) (@t55, @t109, @t455...) (bool_eq(2) ((_ extract 20 0) @t3005) (bv_concat(2) @t3007 @t3010)))
(#511 EQ_RESOLVE (@p510 @p506) () (bool_eq(2) ((_ extract 20 0) @t1771) (bv_concat(2) @t2940 @t1557)))
(#512 TRANS (@p511 @p500) () (bool_eq(2) ((_ extract 20 0) @t1771) (bv_concat(2) @t2934 @t359)))
(#513 CONG (@p512 @p77) (@t1442456) (bool_eq(2) (bv_concat(2) @t2980 @t359) (bv_concat(2) @t2974 @t359)))
(#514 CONG (@p504 @p9) (@t1442456) (bool_eq(2) (bv_concat(2) @t2980 @t1557) (bv_concat(2) @t897 @t111)))
(#515 REFL () (((_ extract 21 0) @t438)) (bool_eq(2) ((_ extract 21 0) @t438) ((_ extract 21 0) @t438)))
(#516 CONG (@p99) (@t352321848) (bool_eq(2) ((_ extract 21 0) @t1774) ((_ extract 21 0) @t1775)))
(#517 TRANS (@p516 @p515) () (bool_eq(2) ((_ extract 21 0) @t1774) ((_ extract 21 0) @t438)))
(#518 CONG (@p517 @p514) (@t529) (bool_eq(2) (bool_eq(2) @t3020 @t3016) (bool_eq(2) @t907 @t3017)))
(#519 SYMM (@p518) () (bool_eq(2) (bool_eq(2) @t907 @t3017) (bool_eq(2) @t3020 @t3016)))
(#520 EVALUATE () ((bv_sub(2) @t909 @t115)) (bool_eq(2) (bv_sub(2) @t909 @t115) (_ bv20 32)))
(#521 SYMM (@p520) () (bool_eq(2) (_ bv20 32) (bv_sub(2) @t909 @t115)))
(#522 EVALUATE () ((bool_sge(2) @t909 @t115)) (bool_eq(2) (bool_sge(2) @t909 @t115) true))
(#523 REWRITE (@p120 @p522 @p521 ...) (@t55, @t109, @t455...) (bool_eq(2) ((_ extract 21 0) @t3045) (bv_concat(2) @t3047 @t3050)))
(#524 EQ_RESOLVE (@p523 @p519) () (bool_eq(2) ((_ extract 21 0) @t1774) (bv_concat(2) @t2980 @t1557)))
(#525 TRANS (@p524 @p513) () (bool_eq(2) ((_ extract 21 0) @t1774) (bv_concat(2) @t2974 @t359)))
(#526 CONG (@p525 @p77) (@t1507992) (bool_eq(2) (bv_concat(2) @t3020 @t359) (bv_concat(2) @t3014 @t359)))
(#527 CONG (@p517 @p9) (@t1507992) (bool_eq(2) (bv_concat(2) @t3020 @t1557) (bv_concat(2) @t907 @t111)))
(#528 REFL () (((_ extract 22 0) @t441)) (bool_eq(2) ((_ extract 22 0) @t441) ((_ extract 22 0) @t441)))
(#529 CONG (@p100) (@t369099064) (bool_eq(2) ((_ extract 22 0) @t1777) ((_ extract 22 0) @t1778)))
(#530 TRANS (@p529 @p528) () (bool_eq(2) ((_ extract 22 0) @t1777) ((_ extract 22 0) @t441)))
(#531 CONG (@p530 @p527) (@t529) (bool_eq(2) (bool_eq(2) @t3060 @t3056) (bool_eq(2) @t917 @t3057)))
(#532 SYMM (@p531) () (bool_eq(2) (bool_eq(2) @t917 @t3057) (bool_eq(2) @t3060 @t3056)))
(#533 EVALUATE () ((bv_sub(2) @t919 @t115)) (bool_eq(2) (bv_sub(2) @t919 @t115) (_ bv21 32)))
(#534 SYMM (@p533) () (bool_eq(2) (_ bv21 32) (bv_sub(2) @t919 @t115)))
(#535 EVALUATE () ((bool_sge(2) @t919 @t115)) (bool_eq(2) (bool_sge(2) @t919 @t115) true))
(#536 REWRITE (@p120 @p535 @p534 ...) (@t55, @t109, @t455...) (bool_eq(2) ((_ extract 22 0) @t3085) (bv_concat(2) @t3087 @t3090)))
(#537 EQ_RESOLVE (@p536 @p532) () (bool_eq(2) ((_ extract 22 0) @t1777) (bv_concat(2) @t3020 @t1557)))
(#538 TRANS (@p537 @p526) () (bool_eq(2) ((_ extract 22 0) @t1777) (bv_concat(2) @t3014 @t359)))
(#539 CONG (@p538 @p77) (@t1573528) (bool_eq(2) (bv_concat(2) @t3060 @t359) (bv_concat(2) @t3054 @t359)))
(#540 CONG (@p530 @p9) (@t1573528) (bool_eq(2) (bv_concat(2) @t3060 @t1557) (bv_concat(2) @t917 @t111)))
(#541 REFL () (((_ extract 23 0) @t444)) (bool_eq(2) ((_ extract 23 0) @t444) ((_ extract 23 0) @t444)))
(#542 CONG (@p101) (@t385876280) (bool_eq(2) ((_ extract 23 0) @t1780) ((_ extract 23 0) @t1781)))
(#543 TRANS (@p542 @p541) () (bool_eq(2) ((_ extract 23 0) @t1780) ((_ extract 23 0) @t444)))
(#544 CONG (@p543 @p540) (@t529) (bool_eq(2) (bool_eq(2) @t3100 @t3096) (bool_eq(2) @t927 @t3097)))
(#545 SYMM (@p544) () (bool_eq(2) (bool_eq(2) @t927 @t3097) (bool_eq(2) @t3100 @t3096)))
(#546 EVALUATE () ((bv_sub(2) @t929 @t115)) (bool_eq(2) (bv_sub(2) @t929 @t115) (_ bv22 32)))
(#547 SYMM (@p546) () (bool_eq(2) (_ bv22 32) (bv_sub(2) @t929 @t115)))
(#548 EVALUATE () ((bool_sge(2) @t929 @t115)) (bool_eq(2) (bool_sge(2) @t929 @t115) true))
(#549 REWRITE (@p120 @p548 @p547 ...) (@t55, @t109, @t455...) (bool_eq(2) ((_ extract 23 0) @t3125) (bv_concat(2) @t3127 @t3130)))
(#550 EQ_RESOLVE (@p549 @p545) () (bool_eq(2) ((_ extract 23 0) @t1780) (bv_concat(2) @t3060 @t1557)))
(#551 TRANS (@p550 @p539) () (bool_eq(2) ((_ extract 23 0) @t1780) (bv_concat(2) @t3054 @t359)))
(#552 REFL () (((_ extract 24 1) @t447)) (bool_eq(2) ((_ extract 24 1) @t447) ((_ extract 24 1) @t447)))
(#553 CONG (@p102) (@t402719032) (bool_eq(2) ((_ extract 24 1) @t1783) ((_ extract 24 1) @t1784)))
(#554 TRANS (@p553 @p552) () (bool_eq(2) ((_ extract 24 1) @t1783) ((_ extract 24 1) @t447)))
(#555 CONG (@p554 @p543) (@t529) (bool_eq(2) (bool_eq(2) @t3134 @t3100) (bool_eq(2) @t937 @t927)))
(#556 SYMM (@p555) () (bool_eq(2) (bool_eq(2) @t937 @t927) (bool_eq(2) @t3134 @t3100)))
(#557 EVALUATE () ((bv_sub(2) @t939 @t115)) (bool_eq(2) (bv_sub(2) @t939 @t115) (_ bv23 32)))
(#558 SYMM (@p557) () (bool_eq(2) (_ bv23 32) (bv_sub(2) @t939 @t115)))
(#559 REWRITE (@p39 @p558 @p38) ((bool_eq(2) @t53 @t45), @t109, @t444...) (bool_eq(2) ((_ extract 24 1) @t3155) ((_ extract 23 0) @t444)))
(#560 EQ_RESOLVE (@p559 @p556) () (bool_eq(2) ((_ extract 24 1) @t1783) ((_ extract 23 0) @t1780)))
(#561 TRANS (@p560 @p551) () (bool_eq(2) ((_ extract 24 1) @t1783) (bv_concat(2) @t3054 @t359)))
(#562 REFL () (((_ extract 25 2) @t450)) (bool_eq(2) ((_ extract 25 2) @t450) ((_ extract 25 2) @t450)))
(#563 CONG (@p103) (@t419561784) (bool_eq(2) ((_ extract 25 2) @t1786) ((_ extract 25 2) @t1787)))
(#564 TRANS (@p563 @p562) () (bool_eq(2) ((_ extract 25 2) @t1786) ((_ extract 25 2) @t450)))
(#565 CONG (@p564 @p554) (@t529) (bool_eq(2) (bool_eq(2) @t3161 @t3134) (bool_eq(2) @t944 @t937)))
(#566 SYMM (@p565) () (bool_eq(2) (bool_eq(2) @t944 @t937) (bool_eq(2) @t3161 @t3134)))
(#567 EVALUATE () ((bv_sub(2) @t946 @t115)) (bool_eq(2) (bv_sub(2) @t946 @t115) (_ bv24 32)))
(#568 SYMM (@p567) () (bool_eq(2) (_ bv24 32) (bv_sub(2) @t946 @t115)))
(#569 REWRITE (@p59 @p568 @p58) ((bool_eq(2) @t53 @t45), @t109, @t447...) (bool_eq(2) ((_ extract 25 2) @t3182) ((_ extract 24 1) @t447)))
(#570 EQ_RESOLVE (@p569 @p566) () (bool_eq(2) ((_ extract 25 2) @t1786) ((_ extract 24 1) @t1783)))
(#571 TRANS (@p570 @p561) () (bool_eq(2) ((_ extract 25 2) @t1786) (bv_concat(2) @t3054 @t359)))
(#572 REFL () (((_ extract 26 3) @t456)) (bool_eq(2) ((_ extract 26 3) @t456) ((_ extract 26 3) @t456)))
(#573 CONG (@p113) (@t436404536) (bool_eq(2) ((_ extract 26 3) @t1810) ((_ extract 26 3) @t1811)))
(#574 TRANS (@p573 @p572) () (bool_eq(2) ((_ extract 26 3) @t1810) ((_ extract 26 3) @t456)))
(#575 CONG (@p574 @p564) (@t529) (bool_eq(2) (bool_eq(2) @t3188 @t3161) (bool_eq(2) @t951 @t944)))
(#576 SYMM (@p575) () (bool_eq(2) (bool_eq(2) @t951 @t944) (bool_eq(2) @t3188 @t3161)))
(#577 EVALUATE () ((bv_sub(2) @t953 @t115)) (bool_eq(2) (bv_sub(2) @t953 @t115) (_ bv25 32)))
(#578 SYMM (@p577) () (bool_eq(2) (_ bv25 32) (bv_sub(2) @t953 @t115)))
(#579 REWRITE (@p145 @p578 @p144) ((bool_eq(2) @t53 @t45), @t109, @t450...) (bool_eq(2) ((_ extract 26 3) @t3209) ((_ extract 25 2) @t450)))
(#580 EQ_RESOLVE (@p579 @p576) () (bool_eq(2) ((_ extract 26 3) @t1810) ((_ extract 25 2) @t1786)))
(#581 TRANS (@p580 @p571) () (bool_eq(2) ((_ extract 26 3) @t1810) (bv_concat(2) @t3054 @t359)))
(#582 REFL () (((_ extract 27 4) @t464)) (bool_eq(2) ((_ extract 27 4) @t464) ((_ extract 27 4) @t464)))
(#583 CONG (@p127) (@t453247288) (bool_eq(2) ((_ extract 27 4) @t1853) ((_ extract 27 4) @t1854)))
(#584 TRANS (@p583 @p582) () (bool_eq(2) ((_ extract 27 4) @t1853) ((_ extract 27 4) @t464)))
(#585 CONG (@p584 @p574) (@t529) (bool_eq(2) (bool_eq(2) @t3215 @t3188) (bool_eq(2) @t958 @t951)))
(#586 SYMM (@p585) () (bool_eq(2) (bool_eq(2) @t958 @t951) (bool_eq(2) @t3215 @t3188)))
(#587 EVALUATE () ((bv_sub(2) @t960 @t115)) (bool_eq(2) (bv_sub(2) @t960 @t115) (_ bv26 32)))
(#588 SYMM (@p587) () (bool_eq(2) (_ bv26 32) (bv_sub(2) @t960 @t115)))
(#589 REWRITE (@p227 @p588 @p156) ((bool_eq(2) @t53 @t45), @t109, @t456...) (bool_eq(2) ((_ extract 27 4) @t3236) ((_ extract 26 3) @t456)))
(#590 EQ_RESOLVE (@p589 @p586) () (bool_eq(2) ((_ extract 27 4) @t1853) ((_ extract 26 3) @t1810)))
(#591 TRANS (@p590 @p581) () (bool_eq(2) ((_ extract 27 4) @t1853) (bv_concat(2) @t3054 @t359)))
(#592 REFL () (((_ extract 28 5) @t469)) (bool_eq(2) ((_ extract 28 5) @t469) ((_ extract 28 5) @t469)))
(#593 CONG (@p138) (@t470090040) (bool_eq(2) ((_ extract 28 5) @t1892) ((_ extract 28 5) @t1893)))
(#594 TRANS (@p593 @p592) () (bool_eq(2) ((_ extract 28 5) @t1892) ((_ extract 28 5) @t469)))
(#595 CONG (@p594 @p584) (@t529) (bool_eq(2) (bool_eq(2) @t3242 @t3215) (bool_eq(2) @t965 @t958)))
(#596 SYMM (@p595) () (bool_eq(2) (bool_eq(2) @t965 @t958) (bool_eq(2) @t3242 @t3215)))
(#597 EVALUATE () ((bv_sub(2) @t967 @t115)) (bool_eq(2) (bv_sub(2) @t967 @t115) (_ bv27 32)))
(#598 SYMM (@p597) () (bool_eq(2) (_ bv27 32) (bv_sub(2) @t967 @t115)))
(#599 REWRITE (@p236 @p598 @p167) ((bool_eq(2) @t53 @t45), @t109, @t464...) (bool_eq(2) ((_ extract 28 5) @t3263) ((_ extract 27 4) @t464)))
(#600 EQ_RESOLVE (@p599 @p596) () (bool_eq(2) ((_ extract 28 5) @t1892) ((_ extract 27 4) @t1853)))
(#601 TRANS (@p600 @p591) () (bool_eq(2) ((_ extract 28 5) @t1892) (bv_concat(2) @t3054 @t359)))
(#602 REFL () (((_ extract 29 6) @t482)) (bool_eq(2) ((_ extract 29 6) @t482) ((_ extract 29 6) @t482)))
(#603 CONG (@p150) (@t486932792) (bool_eq(2) ((_ extract 29 6) @t1929) ((_ extract 29 6) @t1930)))
(#604 TRANS (@p603 @p602) () (bool_eq(2) ((_ extract 29 6) @t1929) ((_ extract 29 6) @t482)))
(#605 CONG (@p604 @p594) (@t529) (bool_eq(2) (bool_eq(2) @t3269 @t3242) (bool_eq(2) @t972 @t965)))
(#606 SYMM (@p605) () (bool_eq(2) (bool_eq(2) @t972 @t965) (bool_eq(2) @t3269 @t3242)))
(#607 EVALUATE () ((bv_sub(2) @t974 @t115)) (bool_eq(2) (bv_sub(2) @t974 @t115) (_ bv28 32)))
(#608 SYMM (@p607) () (bool_eq(2) (_ bv28 32) (bv_sub(2) @t974 @t115)))
(#609 REWRITE (@p245 @p608 @p178) ((bool_eq(2) @t53 @t45), @t109, @t469...) (bool_eq(2) ((_ extract 29 6) @t3290) ((_ extract 28 5) @t469)))
(#610 EQ_RESOLVE (@p609 @p606) () (bool_eq(2) ((_ extract 29 6) @t1929) ((_ extract 28 5) @t1892)))
(#611 TRANS (@p610 @p601) () (bool_eq(2) ((_ extract 29 6) @t1929) (bv_concat(2) @t3054 @t359)))
(#612 REFL () (((_ extract 30 7) @t492)) (bool_eq(2) ((_ extract 30 7) @t492) ((_ extract 30 7) @t492)))
(#613 CONG (@p161) (@t503775544) (bool_eq(2) ((_ extract 30 7) @t1959) ((_ extract 30 7) @t1960)))
(#614 TRANS (@p613 @p612) () (bool_eq(2) ((_ extract 30 7) @t1959) ((_ extract 30 7) @t492)))
(#615 CONG (@p614 @p604) (@t529) (bool_eq(2) (bool_eq(2) @t3296 @t3269) (bool_eq(2) @t979 @t972)))
(#616 SYMM (@p615) () (bool_eq(2) (bool_eq(2) @t979 @t972) (bool_eq(2) @t3296 @t3269)))
(#617 EVALUATE () ((bv_sub(2) @t981 @t115)) (bool_eq(2) (bv_sub(2) @t981 @t115) (_ bv29 32)))
(#618 SYMM (@p617) () (bool_eq(2) (_ bv29 32) (bv_sub(2) @t981 @t115)))
(#619 REWRITE (@p256 @p618 @p255) ((bool_eq(2) @t53 @t45), @t109, @t482...) (bool_eq(2) ((_ extract 30 7) @t3317) ((_ extract 29 6) @t482)))
(#620 EQ_RESOLVE (@p619 @p616) () (bool_eq(2) ((_ extract 30 7) @t1959) ((_ extract 29 6) @t1929)))
(#621 TRANS (@p620 @p611) () (bool_eq(2) ((_ extract 30 7) @t1959) (bv_concat(2) @t3054 @t359)))
(#622 REFL () (((_ extract 31 8) @t502)) (bool_eq(2) ((_ extract 31 8) @t502) ((_ extract 31 8) @t502)))
(#623 CONG (@p172) (@t520618296) (bool_eq(2) ((_ extract 31 8) @t1989) ((_ extract 31 8) @t1990)))
(#624 TRANS (@p623 @p622) () (bool_eq(2) ((_ extract 31 8) @t1989) ((_ extract 31 8) @t502)))
(#625 CONG (@p624 @p614) (@t529) (bool_eq(2) (bool_eq(2) @t3323 @t3296) (bool_eq(2) @t986 @t979)))
(#626 SYMM (@p625) () (bool_eq(2) (bool_eq(2) @t986 @t979) (bool_eq(2) @t3323 @t3296)))
(#627 EVALUATE () ((bv_sub(2) @t988 @t115)) (bool_eq(2) (bv_sub(2) @t988 @t115) (_ bv30 32)))
(#628 SYMM (@p627) () (bool_eq(2) (_ bv30 32) (bv_sub(2) @t988 @t115)))
(#629 REWRITE (@p353 @p628 @p352) ((bool_eq(2) @t53 @t45), @t109, @t492...) (bool_eq(2) ((_ extract 31 8) @t3344) ((_ extract 30 7) @t492)))
(#630 EQ_RESOLVE (@p629 @p626) () (bool_eq(2) ((_ extract 31 8) @t1989) ((_ extract 30 7) @t1959)))
(#631 TRANS (@p630 @p621) () (bool_eq(2) ((_ extract 31 8) @t1989) (bv_concat(2) @t3054 @t359)))
(#632 CONG (@p182) (@t520618296) (bool_eq(2) ((_ extract 31 8) @t194) ((_ extract 31 8) @t602)))
(#633 TRANS (@p632 @p631 @p275) () (bool_eq(2) ((_ extract 31 8) @t194) (bv_concat(24) @t359 @t359 @t359 @t359 ...)))
(#634 TRANS (@p633 @p274) () (bool_eq(2) ((_ extract 31 8) @t194) (bv_concat(24) @t3 @t3 @t3 @t3 ...)))
(#635 CONG (@p634 @p268) (@t1573456) (bool_eq(2) (bv_and(2) @t3349 @t673) (bv_and(2) @t2232 @t2230)))
(#636 TRANS (@p635 @p267) () (bool_eq(2) (bv_and(2) @t3349 @t673) (bv_concat(24) @t3 @t3 @t3 @t3 ...)))
(#637 ACI_NORM () ((bool_eq(2) @t998 @t995)) (bool_eq(2) (bv_and(2) @t673 @t993) (bv_and(2) @t993 @t673)))
(#638 TRANS (@p637 @p636) () (bool_eq(2) (bv_and(2) @t673 @t993) (bv_concat(24) @t3 @t3 @t3 @t3 ...)))
(#639 CONG (@p638 @p266 @p189 ...) (@t2098840) (bool_eq(2) (bv_concat(6) @t998 @t659 @t613 @t343 ...) (bv_concat(6) @t64 @t0 @t59 @t0 ...)))
(#640 TRANS (@p639 @p3) () (bool_eq(2) (bv_concat(6) @t998 @t659 @t613 @t343 ...) (bv_concat(32) @t3 @t3 @t3 @t3 ...)))
; WARNING: applying trusted step rewrite
(#641 REWRITE () ((_ bv0 1), @t1014) (bool_eq(2) (bv_and(2) @t105 @t194) (bv_concat(6) @t998 @t659 @t613 @t343 ...)))
(#642 TRANS (@p641 @p640) () (bool_eq(2) (bv_and(2) @t105 @t194) (bv_concat(32) @t3 @t3 @t3 @t3 ...)))
(#643 ACI_NORM () ((bool_eq(2) @t1017 @t1011)) (bool_eq(2) (bv_and(2) @t194 @t105) (bv_and(2) @t105 @t194)))
(#644 TRANS (@p643 @p642) () (bool_eq(2) (bv_and(2) @t194 @t105) (bv_concat(32) @t3 @t3 @t3 @t3 ...)))
(#645 REFL () ((_ bv4294967162 32)) (bool_eq(2) (_ bv4294967162 32) (_ bv4294967162 32)))
(#646 ACI_NORM () ((bool_eq(2) @t1055 @t194)) (bool_eq(2) (bv_concat(2) @t1023 @t3) (bv_concat(32) @t3 @t3 @t3 @t3 ...)))
(#647 REFL () (((_ extract 31 31) @t1061)) (bool_eq(2) ((_ extract 31 31) @t1061) ((_ extract 31 31) @t1061)))
(#648 REFL () (((_ extract 31 0) @t2)) (bool_eq(2) ((_ extract 31 0) @t2) ((_ extract 31 0) @t2)))
(#649 CONG (@p648) (@t522125624) (bool_eq(2) ((_ extract 31 31) @t1065) ((_ extract 31 31) @t1065)))
(#650 TRANS (@p649 @p647) () (bool_eq(2) ((_ extract 31 31) @t1065) ((_ extract 31 31) @t1061)))
(#651 CONG (@p650 @p6) (@t529) (bool_eq(2) (bool_eq(2) @t3368 @t3) (bool_eq(2) @t1063 @t3)))
(#652 SYMM (@p651) () (bool_eq(2) (bool_eq(2) @t1063 @t3) (bool_eq(2) @t3368 @t3)))
(#653 EVALUATE () ((bv_add(2) @t120 @t988)) (bool_eq(2) (bv_add(2) @t120 @t988) (_ bv31 32)))
(#654 SYMM (@p653) () (bool_eq(2) (_ bv31 32) (bv_add(2) @t120 @t988)))
(#655 REWRITE (@p654 @p654) (@t52, @t2, @t120...) (bool_eq(2) ((_ extract 31 31) @t3385) ((_ extract 31 31) @t2)))
(#656 EQ_RESOLVE (@p655 @p652) () (bool_eq(2) ((_ extract 31 31) @t1065) ((_ extract 31 31) @t2)))
(#657 CONG (@p656 @p656 @p656 ...) (@t2039704) (bool_eq(2) (bv_concat(31) @t3368 @t3368 @t3368 @t3368 ...) (bv_concat(31) @t3 @t3 @t3 @t3 ...)))
; WARNING: applying trusted step rewrite
(#658 REWRITE () ((_ bv0 1), @t1106) (bool_eq(2) ((_ repeat 31) @t1070) (bv_concat(31) @t1070 @t1070 @t1070 @t1070 ...)))
(#659 TRANS (@p658 @p657) () (bool_eq(2) ((_ repeat 31) @t1070) (bv_concat(31) @t3 @t3 @t3 @t3 ...)))
(#660 CONG (@p659 @p656) (@t2097816) (bool_eq(2) (bv_concat(2) @t1104 @t3368) (bv_concat(2) @t3389 @t3)))
(#661 TRANS (@p660 @p646) () (bool_eq(2) (bv_concat(2) @t1104 @t3368) (bv_concat(32) @t3 @t3 @t3 @t3 ...)))
(#662 REFL () (((_ repeat 31) @t1109)) (bool_eq(2) ((_ repeat 31) @t1109) ((_ repeat 31) @t1109)))
(#663 CONG (@p650) (@t522125736) (bool_eq(2) ((_ repeat 31) @t3368) ((_ repeat 31) @t1063)))
(#664 TRANS (@p663 @p662) () (bool_eq(2) ((_ repeat 31) @t3368) ((_ repeat 31) @t1063)))
(#665 CONG (@p664 @p650) (@t2097816) (bool_eq(2) (bv_concat(2) @t3397 @t3368) (bv_concat(2) @t1111 @t1063)))
(#666 EVALUATE () ((_ bv31 32)) (bool_eq(2) (_ bv31 32) (_ bv31 32)))
(#667 SYMM (@p666) () (bool_eq(2) (_ bv31 32) (_ bv31 32)))
(#668 CONG (@p648 @p667) (@t2097856) (bool_eq(2) (bv_arsh(2) @t1065 @t3404) (bv_arsh(2) @t1065 @t1115)))
(#669 CONG (@p668 @p665) (@t529) (bool_eq(2) (bool_eq(2) @t3407 @t3401) (bool_eq(2) @t3408 @t3402)))
(#670 SYMM (@p669) () (bool_eq(2) (bool_eq(2) @t3408 @t3402) (bool_eq(2) @t3407 @t3401)))
(#671 EVALUATE () ((bv_sub(2) @t1117 @t113)) (bool_eq(2) (bv_sub(2) @t1117 @t113) (_ bv31 32)))
(#672 SYMM (@p671) () (bool_eq(2) (_ bv31 32) (bv_sub(2) @t1117 @t113)))
(#673 EVALUATE () ((bool_slt(2) @t988 @t1117)) (bool_eq(2) (bool_slt(2) @t988 @t1117) true))
(#674 REWRITE (@p673 @p672) (((_ extract 0 0) @t3), @t1061, @t988...) (bool_eq(2) (bv_arsh(2) @t1061 @t3426) (bv_concat(2) @t3428 @t3430)))
(#675 EQ_RESOLVE (@p674 @p670) () (bool_eq(2) (bv_arsh(2) @t1065 @t3404) (bv_concat(2) @t3397 @t3368)))
(#676 TRANS (@p675 @p661) () (bool_eq(2) (bv_arsh(2) @t1065 @t3404) (bv_concat(32) @t3 @t3 @t3 @t3 ...)))
(#677 CONG (@p676 @p645) (@t2097744) (bool_eq(2) (bv_and(2) @t3407 @t105) (bv_and(2) @t194 @t105)))
(#678 TRANS (@p677 @p644) () (bool_eq(2) (bv_and(2) @t3407 @t105) (bv_concat(32) @t3 @t3 @t3 @t3 ...)))
(#679 CONG (@p678 @p2) (@t529) (bool_eq(2) (bool_eq(2) @t3433 @t38) (bool_eq(2) @t5 @t38)))
(#680 TRANS (@p679 @p1) () (bool_eq(2) (bool_eq(2) @t3433 @t38) (bool_eq(2) @t38 @t5)))
(#681 ASSUME () ((bool_conj(2) @t1136 @t1133)) (bool_conj(2) (bool_sle(2) @t1130 @t51) (bool_eq(2) @t1130 @t38)))
(#682 AND_ELIM (@p681) (@t1) (bool_eq(2) (bv_and(2) @t1127 @t105) (_ bv4294967160 32)))
(#683 EQ_RESOLVE (@p682 @p680) () (bool_eq(2) (_ bv4294967160 32) (bv_concat(32) @t3 @t3 @t3 @t3 ...)))
(#684 ACI_NORM () ((bool_eq(2) @t1150 @t1146)) (bool_eq(2) (bool_conj(32) @t1149 @t1144 @t1149 @t1142 ...) (bool_conj(2) @t1144 @t1142)))
(#685 REWRITE () (@t17, @t1142) (bool_eq(2) (bool_eq(2) @t1142 @t1149) ((_ bit 31) @t2)))
(#686 REWRITE () ((bv_var(0) 64), @t1149, @t1142) (bool_eq(2) (bool_eq(2) @t1149 @t1142) (bool_eq(2) @t1142 @t1149)))
(#687 TRANS (@p686 @p685) () (bool_eq(2) (bool_eq(2) @t1149 @t1142) ((_ bit 31) @t2)))
(#688 EVALUATE () ((bool_eq(2) @t1186 @t1186)) (bool_eq(2) (bool_eq(2) @t1186 @t1186) true))
(#689 REWRITE () (@t18, @t1142) (bool_eq(2) (bool_eq(2) @t1142 @t1186) (bool_not(1) @t1142)))
(#690 REWRITE () ((bv_var(0) 64), @t1186, @t1142) (bool_eq(2) (bool_eq(2) @t1186 @t1142) (bool_eq(2) @t1142 @t1186)))
(#691 TRANS (@p690 @p689) () (bool_eq(2) (bool_eq(2) @t1186 @t1142) (bool_not(1) @t1142)))
(#692 CONG (@p688 @p691 @p688 ...) (@t8193) (bool_eq(2) (bool_conj(32) @t1187 @t3451 @t1187 @t3443 ...) (bool_conj(32) @t1149 @t3449 @t1149 @t1142 ...)))
(#693 TRANS (@p692 @p684) () (bool_eq(2) (bool_conj(32) @t1187 @t3451 @t1187 @t3443 ...) (bool_conj(2) @t1144 @t1142)))
(#694 BITBLAST () ((bool_eq(2) (bool_eq(2) @t1262 @t1229) (bool_conj(32) @t1187 @t1193 @t1187 @t1190 ...))) (bool_eq(2) (bool_eq(2) @t1262 @t1229) (bool_conj(32) @t1187 @t1193 @t1187 @t1190 ...)))
(#695 BITBLAST () ((bool_eq(2) (bv_concat(32) @t1303 @t1303 @t1303 @t1303 ...) (bv_from_bool(32) @t1186 @t1142 @t1186 @t1142 ...))) (bool_eq(2) (bv_concat(32) @t1303 @t1303 @t1303 @t1303 ...) (bv_from_bool(32) @t1186 @t1142 @t1186 @t1142 ...)))
(#696 BITBLAST () ((bool_eq(2) (_ bv0 1) (bv_from_bool(1) @t1186))) (bool_eq(2) (_ bv0 1) (bv_from_bool(1) @t1186)))
(#697 BITBLAST () ((bool_eq(2) ((_ extract 31 31) @t1470) (bv_from_bool(1) @t1142))) (bool_eq(2) ((_ extract 31 31) @t1470) (bv_from_bool(1) @t1142)))
(#698 BITBLAST () ((bool_eq(2) (bv_var(0) 64) (bv_from_bool(64) @t1468 @t1466 @t1464 @t1462 ...))) (bool_eq(2) (bv_var(0) 64) (bv_from_bool(64) @t1468 @t1466 @t1464 @t1462 ...)))
(#699 CONG (@p698) (@t522125624) (bool_eq(2) ((_ extract 31 31) @t2) ((_ extract 31 31) @t1470)))
(#700 TRANS (@p699 @p697) () (bool_eq(2) ((_ extract 31 31) @t2) (bv_from_bool(1) @t1142)))
(#701 CONG (@p700 @p700 @p700 ...) (@t2105496) (bool_eq(2) (bv_concat(32) @t3459 @t3459 @t3459 @t3459 ...) (bv_concat(32) @t1303 @t1303 @t1303 @t1303 ...)))
(#702 TRANS (@p701 @p695) () (bool_eq(2) (bv_concat(32) @t3459 @t3459 @t3459 @t3459 ...) (bv_from_bool(32) @t1186 @t1142 @t1186 @t1142 ...)))
(#703 BITBLAST () ((bool_eq(2) (_ bv4294967160 32) (bv_from_bool(32) @t1186 @t1186 @t1186 @t1149 ...))) (bool_eq(2) (_ bv4294967160 32) (bv_from_bool(32) @t1186 @t1186 @t1186 @t1149 ...)))
(#704 CONG (@p703 @p702) (@t529) (bool_eq(2) (bool_eq(2) @t38 @t3463) (bool_eq(2) @t1262 @t1229)))
(#705 TRANS (@p704 @p694) () (bool_eq(2) (bool_eq(2) @t38 @t3463) (bool_conj(32) @t1187 @t1193 @t1187 @t1190 ...)))
(#706 TRANS (@p705 @p693) () (bool_eq(2) (bool_eq(2) @t38 @t3463) (bool_conj(2) @t1144 @t1142)))
(#707 EQUIV_ELIM (@p706) ((_ bv0 1)) (bool_disj(2) (bool_not(1) @t3467) (bool_conj(2) @t1144 @t1142)))
(#708 RESOLUTION (@p707 @p683) ((_ bv0 1), @t1546) (bool_conj(2) (bool_not(1) @t1142) ((_ bit 31) @t2)))
(#709 CNF_AND_POS () ((bool_conj(2) @t1144 @t1142), @t0) (bool_disj(2) (bool_not(1) @t1146) (bool_not(1) @t1142)))
(#710 REORDERING (@p709) (@t65537) (bool_disj(2) (bool_not(1) @t1142) (bool_not(1) @t1146)))
(#711 RESOLUTION (@p710 @p708) ((_ bv0 1), @t1146) (bool_not(1) ((_ bit 31) @t2)))
(#712 CNF_AND_POS () ((bool_conj(2) @t1144 @t1142), @t1) (bool_disj(2) (bool_not(1) @t1146) ((_ bit 31) @t2)))
(#713 REORDERING (@p712) (@t65537) (bool_disj(2) ((_ bit 31) @t2) (bool_not(1) @t1146)))
(#714 RESOLUTION (@p713 @p711 @p708) (@t1, @t1142, @t1146) false)
proof accepted

from 5 to 7: R0=scalar() R1=scalar(smin=umin=umin32=0x80000000,smax=umax=umax32=0xffffff7a,smax32=-134,var_off=(0x80000000; 0x7fffff7a)) R10=fp0
7: R0=scalar() R1=scalar(smin=umin=umin32=0x80000000,smax=umax=umax32=0xffffff7a,smax32=-134,var_off=(0x80000000; 0x7fffff7a)) R10=fp0
; return 0; @ unreachable_arsh.bpf.c:29
7: (b7) r0 = 0                        ; R0=0
8: (95) exit

from 4 to 7: safe
verification time 35010 usec
stack depth 0
processed 10 insns (limit 1000000) max_states_per_insn 0 total_states 1 peak_states 1 mark_read 0
-- END PROG LOAD LOG --
