libbpf: loading object from research/experiments/results/raw/objects/frozen-clang13-20260925/d_policy_sensitive.o
libbpf: elf: section(3) xdp, size 184, link 0, flags 6, type=1
libbpf: sec 'xdp': found program 'xdp_policy_sensitive' at insn offset 0 (0 bytes), code size 23 insns (184 bytes)
libbpf: elf: section(4) .relxdp, size 16, link 21, flags 0, type=9
libbpf: elf: section(5) .maps, size 32, link 0, flags 3, type=1
libbpf: elf: section(6) license, size 4, link 0, flags 3, type=1
libbpf: license of research/experiments/results/raw/objects/frozen-clang13-20260925/d_policy_sensitive.o is GPL
libbpf: elf: section(12) .BTF, size 1049, link 0, flags 0, type=1
libbpf: elf: section(14) .BTF.ext, size 256, link 0, flags 0, type=1
libbpf: elf: section(21) .symtab, size 288, link 1, flags 0, type=2
libbpf: looking for externs among 12 symbols...
libbpf: collected 0 externs total
libbpf: map 'policy_state': at sec_idx 5, offset 0.
libbpf: map 'policy_state': found type = 2.
libbpf: map 'policy_state': found key [8], sz = 4.
libbpf: map 'policy_state': found value [11], sz = 8.
libbpf: map 'policy_state': found max_entries = 1.
libbpf: sec '.relxdp': collecting relocation for section(3) 'xdp'
libbpf: sec '.relxdp': relo #0: insn #5 against 'policy_state'
libbpf: prog 'xdp_policy_sensitive': found map 0 (policy_state, sec 5, off 0) for insn #5
libbpf: object 'd_policy_sensit': failed (-95) to create BPF token from '/sys/fs/bpf', skipping optional step...
libbpf: map 'policy_state': created successfully, fd=4
libbpf: prog 'xdp_policy_sensitive': -- BEGIN PROG LOAD LOG --
func#0 @0
topo_order[0] = xdp_policy_sensitive
subprog#0: analyzing (depth 0)...
  3: (bf) r2 = r10	r2: _ -> fp0+0
  4: (07) r2 += -4	r2: fp0+0 -> fp0-4
  7: (85) call bpf_map_lookup_elem#1	r2: fp0-4 -> _
  3: (bf) r2 = r10	r2: _ -> fp0+0
  4: (07) r2 += -4	r2: fp0+0 -> fp0-4
  7: (85) call bpf_map_lookup_elem#1	r2: fp0-4 -> _
subprog#0 xdp_policy_sensitive:
  0: (bf) r8 = r1
  1: (b7) r6 = 0
  2: (63) *(u32 *)(r10 -4) = r6
  3: (bf) r2 = r10
  4: (07) r2 += -4
  5: (18) r1 = 0xffff8e4c9e735800
  7: (85) call bpf_map_lookup_elem#1 // r2=fp0-4
  8: (bf) r7 = r0
  9: (15) if r7 == 0x0 goto pc+11
 10: (61) r1 = *(u32 *)(r8 +0)
 11: (61) r2 = *(u32 *)(r8 +4)
 12: (1f) r2 -= r1
 13: (b7) r6 = 1
 14: (67) r2 <<= 32
 15: (77) r2 >>= 32
 16: (b7) r1 = 65
 17: (2d) if r1 > r2 goto pc+3
 18: (85) call bpf_ktime_get_ns#5
 19: (7b) *(u64 *)(r7 +0) = r0
 20: (b7) r6 = 2
 21: (bf) r0 = r6
 22: (95) exit
stack use/def subprog#0 xdp_policy_sensitive (d0,cs0):
  0: (bf) r8 = r1
  1: (b7) r6 = 0
  2: (63) *(u32 *)(r10 -4) = r6        ; def: fp0-4h
  3: (bf) r2 = r10
  4: (07) r2 += -4
  5: (18) r1 = 0xffff8e4c9e735800
  7: (85) call bpf_map_lookup_elem#1   ; use: fp0-4h
  8: (bf) r7 = r0
  9: (15) if r7 == 0x0 goto pc+11
 10: (61) r1 = *(u32 *)(r8 +0)
 11: (61) r2 = *(u32 *)(r8 +4)
 12: (1f) r2 -= r1
 13: (b7) r6 = 1
 14: (67) r2 <<= 32
 15: (77) r2 >>= 32
 16: (b7) r1 = 65
 17: (2d) if r1 > r2 goto pc+3
 18: (85) call bpf_ktime_get_ns#5
 19: (7b) *(u64 *)(r7 +0) = r0
 20: (b7) r6 = 2
 21: (bf) r0 = r6
 22: (95) exit
Live regs before insn:
      0: .1........ (bf) r8 = r1
      1: ........8. (b7) r6 = 0
      2: ......6.8. (63) *(u32 *)(r10 -4) = r6
      3: ......6.8. (bf) r2 = r10
      4: ..2...6.8. (07) r2 += -4
      5: ..2...6.8. (18) r1 = 0xffff8e4c9e735800
      7: .12...6.8. (85) call bpf_map_lookup_elem#1
      8: 0.....6.8. (bf) r7 = r0
      9: ......678. (15) if r7 == 0x0 goto pc+11
     10: .......78. (61) r1 = *(u32 *)(r8 +0)
     11: .1.....78. (61) r2 = *(u32 *)(r8 +4)
     12: .12....7.. (1f) r2 -= r1
     13: ..2....7.. (b7) r6 = 1
     14: ..2...67.. (67) r2 <<= 32
     15: ..2...67.. (77) r2 >>= 32
     16: ..2...67.. (b7) r1 = 65
     17: .12...67.. (2d) if r1 > r2 goto pc+3
     18: .......7.. (85) call bpf_ktime_get_ns#5
     19: 0......7.. (7b) *(u64 *)(r7 +0) = r0
     20: .......... (b7) r6 = 2
     21: ......6... (bf) r0 = r6
     22: 0......... (95) exit
0: R1=ctx() R10=fp0
; int xdp_policy_sensitive(struct xdp_md *ctx) @ d_policy_sensitive.c:12
0: (bf) r8 = r1                       ; R1=ctx() R8=ctx()
1: (b7) r6 = 0                        ; R6=0
; __u32 key = 0; @ d_policy_sensitive.c:14
2: (63) *(u32 *)(r10 -4) = r6
mark_precise: frame0: last_idx 2 first_idx 0 subseq_idx -1 
mark_precise: frame0: regs=r6 stack= before 1: (b7) r6 = 0
3: R6=0 R10=fp0 fp-8=0000????
3: (bf) r2 = r10                      ; R2=fp0 R10=fp0
;  @ d_policy_sensitive.c:0
4: (07) r2 += -4                      ; R2=fp-4
; __u64 *state = bpf_map_lookup_elem(&policy_state, &key); @ d_policy_sensitive.c:15
5: (18) r1 = 0xffff8e4c9e735800       ; R1=map_ptr(map=policy_state,ks=4,vs=8)
7: (85) call bpf_map_lookup_elem#1    ; R0=map_value(map=policy_state,ks=4,vs=8)
8: (bf) r7 = r0                       ; R7=map_value(map=policy_state,ks=4,vs=8)
; if (!state) @ d_policy_sensitive.c:16
9: (15) if r7 == 0x0 goto pc+11       ; R7=map_value(map=policy_state,ks=4,vs=8)
; if (ctx->data_end - ctx->data > 64) { @ d_policy_sensitive.c:19
10: (61) r1 = *(u32 *)(r8 +0)         ; R1=pkt(r=0) R8=ctx()
11: (61) r2 = *(u32 *)(r8 +4)         ; R2=pkt_end() R8=ctx()
12: (1f) r2 -= r1                     ; R1=pkt(r=0) R2=scalar()
13: (b7) r6 = 1                       ; R6=1
14: (67) r2 <<= 32                    ; R2=scalar(smax=0x7fffffff00000000,smin32=0,smax32=umax32=0,var_off=(0x0; 0xffffffff00000000))
15: (77) r2 >>= 32                    ; R2=scalar(smin=0,smax=umax=0xffffffff,var_off=(0x0; 0xffffffff))
16: (b7) r1 = 65                      ; R1=65
17: (2d) if r1 > r2 goto pc+3         ; R1=65 R2=scalar(smin=umin=umin32=65,smax=umax=0xffffffff,var_off=(0x0; 0xffffffff))
; __u64 now = bpf_ktime_get_ns(); @ d_policy_sensitive.c:20
18: (85) call bpf_ktime_get_ns#5      ; R0=scalar()
; *state = now; @ d_policy_sensitive.c:21
19: (7b) *(u64 *)(r7 +0) = r0         ; R0=scalar() R7=map_value(map=policy_state,ks=4,vs=8)
20: (b7) r6 = 2                       ; R6=2
; } @ d_policy_sensitive.c:26
21: (bf) r0 = r6                      ; R0=2 R6=2
22: (95) exit

from 17 to 21: R6=1 R10=fp0
21: R6=1 R10=fp0
21: (bf) r0 = r6                      ; R0=1 R6=1
22: (95) exit
verification time 449 usec
stack depth 8 max 16
insns processed 24
processed 24 insns (limit 1000000) max_states_per_insn 0 total_states 1 peak_states 1 mark_read 0
-- END PROG LOAD LOG --
