
Testing verification...
Object file: /tmp/kg_measure_program.o
Constraints: /tmp/kg_measure_policy.json
Debug mode: ENABLED (stdout/stderr will be saved to execution.log)

Verification Status: success
Passed: True
Helper Functions: No use of restricted function detected in any execution path
Map Access: mapAccess.results not generated (legacy map-access-control disabled in conditional policy mode)

Execution Statistics:
Paths Explored: 1
Total Instructions: 13127
Duration: 0.82s

Output Directory: /data/requests/20c350c7-728e-4232-89e1-bf361a069f64/output
Output Files: ['helperFunc.results', 'info', 'warnings.txt', 'messages.txt', 'test000001.ktest', 'execution.log']
Debug log: /data/requests/20c350c7-728e-4232-89e1-bf361a069f64/output/execution.log


===== CONDITIONAL POLICY ARTIFACT =====
========================================
CONDITIONAL POLICY EXECUTION RESULTS
========================================
Generated by KLEE with Conditional Policy Mode
========================================

========================================
Test Case: test000001
State ID: 1
----------------------------------------
Status: POLICY VIOLATIONS DETECTED

Violations:
  - Policy: allow_selected_helpers
    Reason: Violated: Unauthorized map access to 'state'

========================================
EXECUTION SUMMARY
========================================
Total test cases generated: 1
Total paths completed: 1
========================================
