
[Step 1] Lifting object file: /data/requests/327ab047-efe9-483d-9fa3-bf648819f416/input/e2_p2.o
Working dir: /tmp/tmp7lcq705u
[Optimize IR] Running: opt -O3 -S /tmp/tmp7lcq705u/tmp6efnx0ei -o /tmp/tmp7lcq705u/tmp6efnx0ei
[Step 2] Extracting relocation info
Has .relxdp: False
[Step 3] Applying function pass to remove map globals
[Remove map globals] Running: opt -load /opt/krakenguard/lifting_tools/llvm_func_pass/build/libfunc_pass.so -load-pass-plugin=/opt/krakenguard/lifting_tools/llvm_func_pass/build/libfunc_pass.so -passes=custom-bpf-pass -map-config /tmp/tmp7lcq705u/map_offset_mapping /tmp/tmp7lcq705u/tmp6efnx0ei -o /tmp/tmp7lcq705u/tmp6efnx0ei
simple helper: bpf_ktime_get_ns
call to replace :: bpf_ktime_get_ns.toreplace
trying to erase : bpf_ktime_get_ns.toreplace
ERASED
transformMapLookups done

[Step 4] Generating template code
Function: e2_p2, Maps: 0
[Step 5] Compiling template
[Compile template] Running: clang-13 -target bpf -DKLEE_VERIFICATION -DVERIFY_INTERACTIONS -I/opt/krakenguard/examples/headers -I/usr/include/x86_64-linux-gnu -I/opt/krakenguard/ebpf-se/libbpf-stubbed/src/build/usr/include -I /opt/krakenguard/klee/include -D__USE_VMLINUX__ -D__TARGET_ARCH_x86 -DBPF_NO_PRESERVE_ACCESS_INDEX -Wall -Wno-unused-value -Wno-unused-variable -Wno-pointer-sign -Wno-compare-distinct-pointer-types -Wno-unused-function -fno-discard-value-names -fno-builtin -O0 -emit-llvm -c -g /tmp/tmp7lcq705u/cpp_generated_code.c -o /tmp/tmp7lcq705u/cpp_generated_code.c
[Step 6] Applying ext sym pass
[Ext sym pass] Running: opt -load-pass-plugin=/opt/krakenguard/lifting_tools/llvm_ext_sym_pass/build/libext_sym_pass.so -passes=int-to-ext /tmp/tmp7lcq705u/cpp_generated_code.c -o /tmp/tmp7lcq705u/cpp_generated_code.c
[Step 7] Linking IRs
[Link IRs] Running: llvm-link /tmp/tmp7lcq705u/cpp_generated_code.c /tmp/tmp7lcq705u/tmp6efnx0ei -o /data/requests/327ab047-efe9-483d-9fa3-bf648819f416/input/final_linked_ir.bc
Output: /data/requests/327ab047-efe9-483d-9fa3-bf648819f416/input/final_linked_ir.bc

Loaded Config JSON file
Parsing conditional policies...
[policy] ACTION : e1_fixed_policy

=== Conditional Policy Summary ===
  MEM_CONDITION: 0  ACTION: 1
  ACTION roots:  e1_fixed_policy 
==================================


========== Conditional Policy Statistics ==========
Policy Name                     Applicable    Violated Not Applic.  Coverage %
------------------------------------------------------------------------------
e1_fixed_policy                         10           0           0      100.0%
------------------------------------------------------------------------------
TOTAL                                   10           0           0      100.0%
===================================================

No use of restricted function detected in any execution path

=== Conditional Policy Summary ===
Conditional policy mode enabled
Total test cases: 4
Results written to: conditional_policy.results.txt
==================================
Elapsed time in milliseconds: 453
