
Testing verification...
Object file: /tmp/kg_measure_program.o
Constraints: /tmp/kg_measure_policy.json
Debug mode: ENABLED (stdout/stderr will be saved to execution.log)

Verification Status: success
Passed: True
Helper Functions: No use of restricted function detected in any execution path
Map Access: mapAccess.results not generated (legacy map-access-control disabled in conditional policy mode)

Execution Statistics:
Paths Explored: 1
Total Instructions: 13277
Duration: 0.84s

Output Directory: /data/requests/b8eb5b7c-0e1f-4b0e-88f0-80998b432070/output
Output Files: ['helperFunc.results', 'info', 'warnings.txt', 'messages.txt', 'test000001.ktest', 'execution.log']
Debug log: /data/requests/b8eb5b7c-0e1f-4b0e-88f0-80998b432070/output/execution.log


===== CONDITIONAL POLICY ARTIFACT =====
========================================
CONDITIONAL POLICY EXECUTION RESULTS
========================================
Generated by KLEE with Conditional Policy Mode
========================================

========================================
Test Case: test000001
State ID: 1
----------------------------------------
Status: POLICY VIOLATIONS DETECTED

Violations:
  - Policy: restricted_policy
    Reason: Violated: Write access to read-only map 'policy_state'

========================================
EXECUTION SUMMARY
========================================
Total test cases generated: 1
Total paths completed: 1
========================================
