
[Step 1] Lifting object file: /data/requests/0fe6334e-0a42-49a0-ae2d-bb4777da1805/input/p1_arithmetic_xdp.o
Working dir: /tmp/tmpg2eridtj
[Optimize IR] Running: opt -O3 -S /tmp/tmpg2eridtj/tmp7uxj7td0 -o /tmp/tmpg2eridtj/tmp7uxj7td0
[Step 2] Extracting relocation info
Has .relxdp: False
[Step 3] Applying function pass to remove map globals
[Remove map globals] Running: opt -load /opt/krakenguard/lifting_tools/llvm_func_pass/build/libfunc_pass.so -load-pass-plugin=/opt/krakenguard/lifting_tools/llvm_func_pass/build/libfunc_pass.so -passes=custom-bpf-pass -map-config /tmp/tmpg2eridtj/map_offset_mapping /tmp/tmpg2eridtj/tmp7uxj7td0 -o /tmp/tmpg2eridtj/tmp7uxj7td0
transformMapLookups done

[Step 4] Generating template code
Function: e1_p1, Maps: 0
[Step 5] Compiling template
[Compile template] Running: clang-13 -target bpf -DKLEE_VERIFICATION -DVERIFY_INTERACTIONS -I/opt/krakenguard/examples/headers -I/usr/include/x86_64-linux-gnu -I/opt/krakenguard/ebpf-se/libbpf-stubbed/src/build/usr/include -I /opt/krakenguard/klee/include -D__USE_VMLINUX__ -D__TARGET_ARCH_x86 -DBPF_NO_PRESERVE_ACCESS_INDEX -Wall -Wno-unused-value -Wno-unused-variable -Wno-pointer-sign -Wno-compare-distinct-pointer-types -Wno-unused-function -fno-discard-value-names -fno-builtin -O0 -emit-llvm -c -g /tmp/tmpg2eridtj/cpp_generated_code.c -o /tmp/tmpg2eridtj/cpp_generated_code.c
[Step 6] Applying ext sym pass
[Ext sym pass] Running: opt -load-pass-plugin=/opt/krakenguard/lifting_tools/llvm_ext_sym_pass/build/libext_sym_pass.so -passes=int-to-ext /tmp/tmpg2eridtj/cpp_generated_code.c -o /tmp/tmpg2eridtj/cpp_generated_code.c
[Step 7] Linking IRs
[Link IRs] Running: llvm-link /tmp/tmpg2eridtj/cpp_generated_code.c /tmp/tmpg2eridtj/tmp7uxj7td0 -o /data/requests/0fe6334e-0a42-49a0-ae2d-bb4777da1805/input/final_linked_ir.bc
Output: /data/requests/0fe6334e-0a42-49a0-ae2d-bb4777da1805/input/final_linked_ir.bc

Loaded Config JSON file
Parsing conditional policies...
[policy] ACTION : e1_fixed_policy

=== Conditional Policy Summary ===
  MEM_CONDITION: 0  ACTION: 1
  ACTION roots:  e1_fixed_policy 
==================================


========== Conditional Policy Statistics ==========
Policy Name                     Applicable    Violated Not Applic.  Coverage %
------------------------------------------------------------------------------
e1_fixed_policy                          1           0           0      100.0%
------------------------------------------------------------------------------
TOTAL                                    1           0           0      100.0%
===================================================

No use of restricted function detected in any execution path

=== Conditional Policy Summary ===
Conditional policy mode enabled
Total test cases: 1
Results written to: conditional_policy.results.txt
==================================
Elapsed time in milliseconds: 390
