
[Step 1] Lifting object file: /data/requests/d832053c-6416-4104-8924-02a5344e1089/input/p4_helper_xdp.o
Working dir: /tmp/tmprgj93clj
[Optimize IR] Running: opt -O3 -S /tmp/tmprgj93clj/tmpw1h9v9xq -o /tmp/tmprgj93clj/tmpw1h9v9xq
[Step 2] Extracting relocation info
Has .relxdp: False
[Step 3] Applying function pass to remove map globals
[Remove map globals] Running: opt -load /opt/krakenguard/lifting_tools/llvm_func_pass/build/libfunc_pass.so -load-pass-plugin=/opt/krakenguard/lifting_tools/llvm_func_pass/build/libfunc_pass.so -passes=custom-bpf-pass -map-config /tmp/tmprgj93clj/map_offset_mapping /tmp/tmprgj93clj/tmpw1h9v9xq -o /tmp/tmprgj93clj/tmpw1h9v9xq
simple helper: bpf_ktime_get_ns
call to replace :: bpf_ktime_get_ns.toreplace
trying to erase : bpf_ktime_get_ns.toreplace
ERASED
transformMapLookups done

[Step 4] Generating template code
Function: e1_p4, Maps: 0
[Step 5] Compiling template
[Compile template] Running: clang-13 -target bpf -DKLEE_VERIFICATION -DVERIFY_INTERACTIONS -I/opt/krakenguard/examples/headers -I/usr/include/x86_64-linux-gnu -I/opt/krakenguard/ebpf-se/libbpf-stubbed/src/build/usr/include -I /opt/krakenguard/klee/include -D__USE_VMLINUX__ -D__TARGET_ARCH_x86 -DBPF_NO_PRESERVE_ACCESS_INDEX -Wall -Wno-unused-value -Wno-unused-variable -Wno-pointer-sign -Wno-compare-distinct-pointer-types -Wno-unused-function -fno-discard-value-names -fno-builtin -O0 -emit-llvm -c -g /tmp/tmprgj93clj/cpp_generated_code.c -o /tmp/tmprgj93clj/cpp_generated_code.c
[Step 6] Applying ext sym pass
[Ext sym pass] Running: opt -load-pass-plugin=/opt/krakenguard/lifting_tools/llvm_ext_sym_pass/build/libext_sym_pass.so -passes=int-to-ext /tmp/tmprgj93clj/cpp_generated_code.c -o /tmp/tmprgj93clj/cpp_generated_code.c
[Step 7] Linking IRs
[Link IRs] Running: llvm-link /tmp/tmprgj93clj/cpp_generated_code.c /tmp/tmprgj93clj/tmpw1h9v9xq -o /data/requests/d832053c-6416-4104-8924-02a5344e1089/input/final_linked_ir.bc
Output: /data/requests/d832053c-6416-4104-8924-02a5344e1089/input/final_linked_ir.bc

Loaded Config JSON file
Parsing conditional policies...
[policy] ACTION : e1_fixed_policy

=== Conditional Policy Summary ===
  MEM_CONDITION: 0  ACTION: 1
  ACTION roots:  e1_fixed_policy 
==================================

No use of restricted function detected in any execution path

=== Conditional Policy Summary ===
Conditional policy mode enabled
Total test cases: 1
Results written to: conditional_policy.results.txt
==================================
Elapsed time in milliseconds: 383
