
Testing verification...
Object file: /tmp/kg_measure_program.o
Constraints: /tmp/kg_measure_policy.json
Debug mode: ENABLED (stdout/stderr will be saved to execution.log)

Verification Status: success
Passed: True
Helper Functions: No use of restricted function detected in any execution path
Map Access: mapAccess.results not generated (legacy map-access-control disabled in conditional policy mode)

Execution Statistics:
Paths Explored: 1
Total Instructions: 13127
Duration: 0.79s

Output Directory: /data/requests/8d815774-68e6-4bb1-9de1-43f989b2c834/output
Output Files: ['helperFunc.results', 'info', 'warnings.txt', 'messages.txt', 'test000001.ktest', 'execution.log']
Debug log: /data/requests/8d815774-68e6-4bb1-9de1-43f989b2c834/output/execution.log


===== CONDITIONAL POLICY ARTIFACT =====
========================================
CONDITIONAL POLICY EXECUTION RESULTS
========================================
Generated by KLEE with Conditional Policy Mode
========================================

========================================
Test Case: test000001
State ID: 1
----------------------------------------
Status: POLICY VIOLATIONS DETECTED

Violations:
  - Policy: base_packet_read_only
    Reason: Violated: Policy 'base_packet_read_only' blocks ALL map access, but maps were accessed

========================================
EXECUTION SUMMARY
========================================
Total test cases generated: 1
Total paths completed: 1
========================================
