
Testing verification...
Object file: /tmp/kg_measure_program.o
Constraints: /tmp/kg_measure_policy.json
Debug mode: ENABLED (stdout/stderr will be saved to execution.log)

Verification Status: success
Passed: True
Helper Functions: No use of restricted function detected in any execution path
Map Access: mapAccess.results not generated (legacy map-access-control disabled in conditional policy mode)

Execution Statistics:
Paths Explored: 1
Total Instructions: 12695
Duration: 0.79s

Output Directory: /data/requests/be6638b6-72c0-45a1-b6b6-f892c540c442/output
Output Files: ['helperFunc.results', 'info', 'warnings.txt', 'messages.txt', 'test000001.ktest', 'execution.log']
Debug log: /data/requests/be6638b6-72c0-45a1-b6b6-f892c540c442/output/execution.log


===== CONDITIONAL POLICY ARTIFACT =====
========================================
CONDITIONAL POLICY EXECUTION RESULTS
========================================
Generated by KLEE with Conditional Policy Mode
========================================

========================================
Test Case: test000001
State ID: 1
----------------------------------------
Status: NO VIOLATIONS
All policies passed for this execution path.

========================================
EXECUTION SUMMARY
========================================
Total test cases generated: 1
Total paths completed: 1
========================================
