
Testing verification...
Object file: /tmp/kg_measure_program.o
Constraints: /tmp/kg_measure_policy.json
Debug mode: ENABLED (stdout/stderr will be saved to execution.log)

Verification Status: success
Passed: True
Helper Functions: No use of restricted function detected in any execution path
Map Access: mapAccess.results not generated (legacy map-access-control disabled in conditional policy mode)

Execution Statistics:
Paths Explored: 1
Total Instructions: 12712
Duration: 0.81s

Output Directory: /data/requests/7e6ff72b-533c-476c-a53c-7af04e0ad25f/output
Output Files: ['helperFunc.results', 'info', 'warnings.txt', 'messages.txt', 'test000001.ktest', 'execution.log']
Debug log: /data/requests/7e6ff72b-533c-476c-a53c-7af04e0ad25f/output/execution.log


===== CONDITIONAL POLICY ARTIFACT =====
========================================
CONDITIONAL POLICY EXECUTION RESULTS
========================================
Generated by KLEE with Conditional Policy Mode
========================================

========================================
Test Case: test000001
State ID: 1
----------------------------------------
Status: NO VIOLATIONS
All policies passed for this execution path.

========================================
EXECUTION SUMMARY
========================================
Total test cases generated: 1
Total paths completed: 1
========================================
