
[Step 1] Lifting object file: /tmp/frozen-clang13-20260925/c_branching_maps.o
Working dir: /tmp/tmp_51tzart
[Optimize IR] Running: opt -O3 -S /tmp/tmp_51tzart/tmpvdxamewo -o /tmp/tmp_51tzart/tmpvdxamewo
[Step 2] Extracting relocation info
Found relocation section: .relxdp
Detected program type: xdp
[relocation data] (hex) : 8000000000000000010000000b000000
Number of relocation entries in .relxdp: 1
Function start offsets: [0]
Has .relxdp: True
[Step 3] Applying function pass to remove map globals
[Remove map globals] Running: opt -load /opt/krakenguard/lifting_tools/llvm_func_pass/build/libfunc_pass.so -load-pass-plugin=/opt/krakenguard/lifting_tools/llvm_func_pass/build/libfunc_pass.so -passes=custom-bpf-pass -map-config /tmp/tmp_51tzart/map_offset_mapping /tmp/tmp_51tzart/tmpvdxamewo -o /tmp/tmp_51tzart/tmpvdxamewo
Loaded map config: ID 128 -> state
Found map global to remove: state
map name : state, mapId : 128
not a tail call
Found map lookup with ID: 128
  Mapped to map name: state
lookup or delete
call to replace :: bpf_map_lookup_elem.toreplace
trying to erase : bpf_map_lookup_elem.toreplace
ERASED
transformMapLookups done

[Step 4] Generating template code
Function: xdp_branching_maps, Maps: 1
[Step 5] Compiling template
[Compile template] Running: clang-13 -target bpf -DKLEE_VERIFICATION -DVERIFY_INTERACTIONS -I/opt/krakenguard/examples/headers -I/usr/include/x86_64-linux-gnu -I/opt/krakenguard/ebpf-se/libbpf-stubbed/src/build/usr/include -I /opt/krakenguard/klee/include -D__USE_VMLINUX__ -D__TARGET_ARCH_x86 -DBPF_NO_PRESERVE_ACCESS_INDEX -Wall -Wno-unused-value -Wno-unused-variable -Wno-pointer-sign -Wno-compare-distinct-pointer-types -Wno-unused-function -fno-discard-value-names -fno-builtin -O0 -emit-llvm -c -g /tmp/tmp_51tzart/cpp_generated_code.c -o /tmp/tmp_51tzart/cpp_generated_code.c
[Step 6] Applying ext sym pass
[Ext sym pass] Running: opt -load-pass-plugin=/opt/krakenguard/lifting_tools/llvm_ext_sym_pass/build/libext_sym_pass.so -passes=int-to-ext /tmp/tmp_51tzart/cpp_generated_code.c -o /tmp/tmp_51tzart/cpp_generated_code.c
[Step 7] Linking IRs
[Link IRs] Running: llvm-link /tmp/tmp_51tzart/cpp_generated_code.c /tmp/tmp_51tzart/tmpvdxamewo -o /tmp/frozen-clang13-20260925/final_linked_ir.bc
Output: /tmp/frozen-clang13-20260925/final_linked_ir.bc
