
[Step 1] Lifting object file: /tmp/frozen-clang13-20260925/e_adversarial_helper.o
Working dir: /tmp/tmpf087fuy2
[Optimize IR] Running: opt -O3 -S /tmp/tmpf087fuy2/tmpwcv65qx8 -o /tmp/tmpf087fuy2/tmpwcv65qx8
[Step 2] Extracting relocation info
Has .relxdp: False
[Step 3] Applying function pass to remove map globals
[Remove map globals] Running: opt -load /opt/krakenguard/lifting_tools/llvm_func_pass/build/libfunc_pass.so -load-pass-plugin=/opt/krakenguard/lifting_tools/llvm_func_pass/build/libfunc_pass.so -passes=custom-bpf-pass -map-config /tmp/tmpf087fuy2/map_offset_mapping /tmp/tmpf087fuy2/tmpwcv65qx8 -o /tmp/tmpf087fuy2/tmpwcv65qx8
simple helper: bpf_ktime_get_ns
call to replace :: bpf_ktime_get_ns.toreplace
trying to erase : bpf_ktime_get_ns.toreplace
ERASED
transformMapLookups done

[Step 4] Generating template code
Function: xdp_adversarial_helper, Maps: 0
[Step 5] Compiling template
[Compile template] Running: clang-13 -target bpf -DKLEE_VERIFICATION -DVERIFY_INTERACTIONS -I/opt/krakenguard/examples/headers -I/usr/include/x86_64-linux-gnu -I/opt/krakenguard/ebpf-se/libbpf-stubbed/src/build/usr/include -I /opt/krakenguard/klee/include -D__USE_VMLINUX__ -D__TARGET_ARCH_x86 -DBPF_NO_PRESERVE_ACCESS_INDEX -Wall -Wno-unused-value -Wno-unused-variable -Wno-pointer-sign -Wno-compare-distinct-pointer-types -Wno-unused-function -fno-discard-value-names -fno-builtin -O0 -emit-llvm -c -g /tmp/tmpf087fuy2/cpp_generated_code.c -o /tmp/tmpf087fuy2/cpp_generated_code.c
[Step 6] Applying ext sym pass
[Ext sym pass] Running: opt -load-pass-plugin=/opt/krakenguard/lifting_tools/llvm_ext_sym_pass/build/libext_sym_pass.so -passes=int-to-ext /tmp/tmpf087fuy2/cpp_generated_code.c -o /tmp/tmpf087fuy2/cpp_generated_code.c
[Step 7] Linking IRs
[Link IRs] Running: llvm-link /tmp/tmpf087fuy2/cpp_generated_code.c /tmp/tmpf087fuy2/tmpwcv65qx8 -o /tmp/frozen-clang13-20260925/final_linked_ir.bc
Output: /tmp/frozen-clang13-20260925/final_linked_ir.bc
